main.c:97:5:main	160	static
main.c:206:6:SystemClock_Config	128	static
main.c:253:13:MX_NVIC_Init	8	static
main.c:265:6:MX_ADC_Init	16	static
main.c:347:13:MX_CRC_Init	8	static
main.c:378:13:MX_TIM7_Init	16	static
main.c:416:6:MX_TIM21_Init	32	static
main.c:461:6:MX_TIM22_Init	32	static
main.c:506:13:MX_USART1_UART_Init	8	static
main.c:539:6:MX_DMA_Init	16	static
main.c:560:6:MX_GPIO_Init	48	static
main.c:613:6:eeprom_ram_init	24	static
main.c:639:6:eeprom_save	24	static
main.c:655:6:HAL_UART_RxCpltCallback	16	static
main.c:673:6:StartDefaultTask	16	static
main.c:692:6:HAL_TIM_PeriodElapsedCallback	16	static
main.c:719:6:Error_Handler	8	static
