main.c:348:13:MX_CRC_Init	8	static
main.c:507:13:MX_USART1_UART_Init	8	static
main.c:379:13:MX_TIM7_Init	24	static
main.c:254:13:MX_NVIC_Init	8	static
main.c:674:6:StartDefaultTask	8	static
main.c:207:6:SystemClock_Config	128	static
main.c:266:6:MX_ADC_Init	24	static
main.c:417:6:MX_TIM21_Init	40	static
main.c:462:6:MX_TIM22_Init	40	static
main.c:540:6:MX_DMA_Init	16	static
main.c:561:6:MX_GPIO_Init	56	static
main.c:614:6:eeprom_ram_init	8	static
main.c:640:6:eeprom_save	8	static
main.c:97:5:main	168	static
main.c:656:6:HAL_UART_RxCpltCallback	8	static
main.c:693:6:HAL_TIM_PeriodElapsedCallback	8	static
main.c:719:6:Error_Handler	0	static
