modem.c:52:7:memmem	40	static
modem.c:80:6:SCP_Tick_Callback	8	static
modem.c:85:21:ModemOn	16	static
modem.c:111:21:ModemOff	16	static
modem.c:136:10:uart_send_buff	16	static
modem.c:141:10:uart_read_byte	16	static
modem.c:147:16:NetworkRegistrationCheck	16	static
modem.c:174:16:LTE_StatusCheck	16	static
modem.c:201:16:SignalQuality	16	static
modem.c:228:14:WaitForNetwork	24	static
modem.c:270:14:LTE_Connect	32	static
modem.c:341:14:LTE_Disconnect	16	static
modem.c:353:14:GetOperator	16	static
modem.c:402:14:GetIMEI	24	static
modem.c:457:14:GetID	16	static
modem.c:499:14:GetVersion	16	static
modem.c:543:14:ModemOpenTcpSocket	48	static
modem.c:578:14:ModemCloseTcpSocket	48	static
modem.c:595:14:SocketSend	56	static
modem.c:633:14:SocketReceive	32	static
modem.c:694:14:TelitPortalAuthenticate	40	static
modem.c:751:14:TelitPortalPostData	80	static
modem.c:849:16:TelitCloudUpload	32	static
