../Src/modem.c:373:14:ContextDisconnect	8	static
../Src/modem.c:434:14:GetIMEI	8	static
../Src/modem.c:489:14:GetID	8	static
../Src/modem.c:531:14:GetVersion	8	static
../Src/modem.c:602:14:ModemCloseTcpSocket	24	static
../Src/modem.c:236:14:SetLED	24	static
../Src/modem.c:622:14:SocketSend	32	static
../Src/modem.c:51:7:memmem	24	static
../Src/modem.c:209:16:SignalQuality	8	static
../Src/modem.c:155:16:NetworkRegistrationCheck	8	static
../Src/modem.c:251:14:WaitForNetwork	16	static
../Src/modem.c:385:14:GetOperator	8	static
../Src/modem.c:182:16:ContextStatusCheck	8	static
../Src/modem.c:297:14:ContextConnect	16	static
../Src/modem.c:659:14:SocketReceive	24	static
../Src/modem.c:711:14:TelitPortalAuthenticate	24	static
../Src/modem.c:782:14:TelitPortalPostData	80	static
../Src/modem.c:575:14:ModemOpenTcpSocket	56	static
../Src/modem.c:79:6:SCP_Tick_Callback	8	static
../Src/modem.c:144:10:uart_send_buff	8	static
../Src/modem.c:149:10:uart_read_byte	8	static
../Src/modem.c:874:16:TelitCloudUpload	16	static
