modem.c:341:14:LTE_Disconnect	8	static
modem.c:402:14:GetIMEI	8	static
modem.c:457:14:GetID	8	static
modem.c:499:14:GetVersion	8	static
modem.c:578:14:ModemCloseTcpSocket	24	static
modem.c:595:14:SocketSend	40	static
modem.c:633:14:SocketReceive	24	static
modem.c:694:14:TelitPortalAuthenticate	40	static
modem.c:751:14:TelitPortalPostData	80	static
modem.c:52:7:memmem	24	static
modem.c:201:16:SignalQuality	8	static
modem.c:147:16:NetworkRegistrationCheck	8	static
modem.c:228:14:WaitForNetwork	8	static
modem.c:353:14:GetOperator	8	static
modem.c:174:16:LTE_StatusCheck	8	static
modem.c:270:14:LTE_Connect	16	static
modem.c:543:14:ModemOpenTcpSocket	24	static
modem.c:80:6:SCP_Tick_Callback	8	static
modem.c:136:10:uart_send_buff	8	static
modem.c:141:10:uart_read_byte	8	static
modem.c:849:16:TelitCloudUpload	16	static
