../Src/modem.c:411:14:ContextDeactivation	8	static
../Src/modem.c:630:14:ModemCloseTcpSocket	16	static
../Src/modem.c:472:14:GetIMEI	8	static
../Src/modem.c:527:14:GetID	8	static
../Src/modem.c:569:14:GetVersion	8	static
../Src/modem.c:613:14:ModemOpenTcpSocket	16	static
../Src/modem.c:282:14:SetLED	24	static
../Src/modem.c:705:14:TelitPortalPostData	1056	static
../Src/modem.c:647:14:TelitPortalAuthenticate	1048	static
../Src/modem.c:51:7:memmem	24	static
../Src/modem.c:255:16:SignalQuality	8	static
../Src/modem.c:140:16:NetworkRegistrationCheck	16	static
../Src/modem.c:297:14:WaitForNetwork	16	static
../Src/modem.c:423:14:GetOperator	8	static
../Src/modem.c:227:16:ContextStatusCheck	8	static
../Src/modem.c:343:14:ContextActivation	16	static
../Src/modem.c:79:6:SCP_Tick_Callback	8	static
../Src/modem.c:129:10:uart_send_buff	8	static
../Src/modem.c:134:10:uart_read_byte	8	static
../Src/modem.c:773:16:TelitCloudUpload	16	static
