../Src/stm32l0xx_hal_msp.c:69:6:HAL_MspInit	16	static
../Src/stm32l0xx_hal_msp.c:108:6:HAL_ADC_MspInit	32	static
../Src/stm32l0xx_hal_msp.c:167:6:HAL_ADC_MspDeInit	8	static
../Src/stm32l0xx_hal_msp.c:205:6:HAL_CRC_MspInit	8	static
../Src/stm32l0xx_hal_msp.c:227:6:HAL_CRC_MspDeInit	0	static
../Src/stm32l0xx_hal_msp.c:249:6:HAL_TIM_Base_MspInit	8	static
../Src/stm32l0xx_hal_msp.c:296:6:HAL_TIM_Base_MspDeInit	8	static
../Src/stm32l0xx_hal_msp.c:346:6:HAL_UART_MspInit	32	static
../Src/stm32l0xx_hal_msp.c:420:6:HAL_UART_MspDeInit	8	static
