../Src/stm32l0xx_it.c:78:6:NMI_Handler	0	static
../Src/stm32l0xx_it.c:91:6:HardFault_Handler	0	static
../Src/stm32l0xx_it.c:113:6:RCC_CRS_IRQHandler	0	static
../Src/stm32l0xx_it.c:126:6:DMA1_Channel1_IRQHandler	8	static
../Src/stm32l0xx_it.c:140:6:DMA1_Channel2_3_IRQHandler	8	static
../Src/stm32l0xx_it.c:155:6:ADC1_COMP_IRQHandler	8	static
../Src/stm32l0xx_it.c:169:6:TIM2_IRQHandler	8	static
../Src/stm32l0xx_it.c:183:6:TIM7_IRQHandler	8	static
../Src/stm32l0xx_it.c:197:6:TIM21_IRQHandler	8	static
../Src/stm32l0xx_it.c:211:6:USART1_IRQHandler	8	static
