Archive member included to satisfy reference by file (symbol)

c:/st/stm32cubeide_1.7.0/stm32cubeide/plugins/com.st.stm32cube.ide.mcu.externaltools.gnu-tools-for-stm32.9-2020-q2-update.win32_2.0.0.202105311346/tools/bin/../lib/gcc/arm-none-eabi/9.3.1/../../../../arm-none-eabi/lib/thumb/v6-m/nofp\libc.a(lib_a-atoi.o)
                              ./Src/modem.o (atoi)
c:/st/stm32cubeide_1.7.0/stm32cubeide/plugins/com.st.stm32cube.ide.mcu.externaltools.gnu-tools-for-stm32.9-2020-q2-update.win32_2.0.0.202105311346/tools/bin/../lib/gcc/arm-none-eabi/9.3.1/../../../../arm-none-eabi/lib/thumb/v6-m/nofp\libc.a(lib_a-errno.o)
                              ./Src/syscalls.o (__errno)
c:/st/stm32cubeide_1.7.0/stm32cubeide/plugins/com.st.stm32cube.ide.mcu.externaltools.gnu-tools-for-stm32.9-2020-q2-update.win32_2.0.0.202105311346/tools/bin/../lib/gcc/arm-none-eabi/9.3.1/../../../../arm-none-eabi/lib/thumb/v6-m/nofp\libc.a(lib_a-exit.o)
                              c:/st/stm32cubeide_1.7.0/stm32cubeide/plugins/com.st.stm32cube.ide.mcu.externaltools.gnu-tools-for-stm32.9-2020-q2-update.win32_2.0.0.202105311346/tools/bin/../lib/gcc/arm-none-eabi/9.3.1/../../../../arm-none-eabi/lib/thumb/v6-m/nofp/crt0.o (exit)
c:/st/stm32cubeide_1.7.0/stm32cubeide/plugins/com.st.stm32cube.ide.mcu.externaltools.gnu-tools-for-stm32.9-2020-q2-update.win32_2.0.0.202105311346/tools/bin/../lib/gcc/arm-none-eabi/9.3.1/../../../../arm-none-eabi/lib/thumb/v6-m/nofp\libc.a(lib_a-impure.o)
                              c:/st/stm32cubeide_1.7.0/stm32cubeide/plugins/com.st.stm32cube.ide.mcu.externaltools.gnu-tools-for-stm32.9-2020-q2-update.win32_2.0.0.202105311346/tools/bin/../lib/gcc/arm-none-eabi/9.3.1/../../../../arm-none-eabi/lib/thumb/v6-m/nofp\libc.a(lib_a-exit.o) (_global_impure_ptr)
c:/st/stm32cubeide_1.7.0/stm32cubeide/plugins/com.st.stm32cube.ide.mcu.externaltools.gnu-tools-for-stm32.9-2020-q2-update.win32_2.0.0.202105311346/tools/bin/../lib/gcc/arm-none-eabi/9.3.1/../../../../arm-none-eabi/lib/thumb/v6-m/nofp\libc.a(lib_a-init.o)
                              c:/st/stm32cubeide_1.7.0/stm32cubeide/plugins/com.st.stm32cube.ide.mcu.externaltools.gnu-tools-for-stm32.9-2020-q2-update.win32_2.0.0.202105311346/tools/bin/../lib/gcc/arm-none-eabi/9.3.1/../../../../arm-none-eabi/lib/thumb/v6-m/nofp/crt0.o (__libc_init_array)
c:/st/stm32cubeide_1.7.0/stm32cubeide/plugins/com.st.stm32cube.ide.mcu.externaltools.gnu-tools-for-stm32.9-2020-q2-update.win32_2.0.0.202105311346/tools/bin/../lib/gcc/arm-none-eabi/9.3.1/../../../../arm-none-eabi/lib/thumb/v6-m/nofp\libc.a(lib_a-memchr-stub.o)
                              ./Src/modem.o (memchr)
c:/st/stm32cubeide_1.7.0/stm32cubeide/plugins/com.st.stm32cube.ide.mcu.externaltools.gnu-tools-for-stm32.9-2020-q2-update.win32_2.0.0.202105311346/tools/bin/../lib/gcc/arm-none-eabi/9.3.1/../../../../arm-none-eabi/lib/thumb/v6-m/nofp\libc.a(lib_a-memcmp.o)
                              ./Src/modem.o (memcmp)
c:/st/stm32cubeide_1.7.0/stm32cubeide/plugins/com.st.stm32cube.ide.mcu.externaltools.gnu-tools-for-stm32.9-2020-q2-update.win32_2.0.0.202105311346/tools/bin/../lib/gcc/arm-none-eabi/9.3.1/../../../../arm-none-eabi/lib/thumb/v6-m/nofp\libc.a(lib_a-memcpy-stub.o)
                              ./Middlewares/Third_Party/FreeRTOS/Source/queue.o (memcpy)
c:/st/stm32cubeide_1.7.0/stm32cubeide/plugins/com.st.stm32cube.ide.mcu.externaltools.gnu-tools-for-stm32.9-2020-q2-update.win32_2.0.0.202105311346/tools/bin/../lib/gcc/arm-none-eabi/9.3.1/../../../../arm-none-eabi/lib/thumb/v6-m/nofp\libc.a(lib_a-memset.o)
                              c:/st/stm32cubeide_1.7.0/stm32cubeide/plugins/com.st.stm32cube.ide.mcu.externaltools.gnu-tools-for-stm32.9-2020-q2-update.win32_2.0.0.202105311346/tools/bin/../lib/gcc/arm-none-eabi/9.3.1/../../../../arm-none-eabi/lib/thumb/v6-m/nofp/crt0.o (memset)
c:/st/stm32cubeide_1.7.0/stm32cubeide/plugins/com.st.stm32cube.ide.mcu.externaltools.gnu-tools-for-stm32.9-2020-q2-update.win32_2.0.0.202105311346/tools/bin/../lib/gcc/arm-none-eabi/9.3.1/../../../../arm-none-eabi/lib/thumb/v6-m/nofp\libc.a(lib_a-sprintf.o)
                              ./Src/modem.o (sprintf)
c:/st/stm32cubeide_1.7.0/stm32cubeide/plugins/com.st.stm32cube.ide.mcu.externaltools.gnu-tools-for-stm32.9-2020-q2-update.win32_2.0.0.202105311346/tools/bin/../lib/gcc/arm-none-eabi/9.3.1/../../../../arm-none-eabi/lib/thumb/v6-m/nofp\libc.a(lib_a-strcat.o)
                              ./Src/modem.o (strcat)
c:/st/stm32cubeide_1.7.0/stm32cubeide/plugins/com.st.stm32cube.ide.mcu.externaltools.gnu-tools-for-stm32.9-2020-q2-update.win32_2.0.0.202105311346/tools/bin/../lib/gcc/arm-none-eabi/9.3.1/../../../../arm-none-eabi/lib/thumb/v6-m/nofp\libc.a(lib_a-strchr.o)
                              ./Src/modem.o (strchr)
[...]
Memory Configuration

Name             Origin             Length             Attributes
RAM              0x0000000020000000 0x0000000000005000 xrw
FLASH            0x0000000008000000 0x0000000000030000 xr
*default*        0x0000000000000000 0xffffffffffffffff

Linker script and memory map

LOAD c:/st/stm32cubeide_1.7.0/stm32cubeide/plugins/com.st.stm32cube.ide.mcu.externaltools.gnu-tools-for-stm32.9-2020-q2-update.win32_2.0.0.202105311346/tools/bin/../lib/gcc/arm-none-eabi/9.3.1/thumb/v6-m/nofp/crti.o
LOAD c:/st/stm32cubeide_1.7.0/stm32cubeide/plugins/com.st.stm32cube.ide.mcu.externaltools.gnu-tools-for-stm32.9-2020-q2-update.win32_2.0.0.202105311346/tools/bin/../lib/gcc/arm-none-eabi/9.3.1/thumb/v6-m/nofp/crtbegin.o
LOAD c:/st/stm32cubeide_1.7.0/stm32cubeide/plugins/com.st.stm32cube.ide.mcu.externaltools.gnu-tools-for-stm32.9-2020-q2-update.win32_2.0.0.202105311346/tools/bin/../lib/gcc/arm-none-eabi/9.3.1/../../../../arm-none-eabi/lib/thumb/v6-m/nofp/crt0.o
LOAD ./Drivers/STM32L0xx_HAL_Driver/Src/stm32l0xx_hal.o
LOAD ./Drivers/STM32L0xx_HAL_Driver/Src/stm32l0xx_hal_adc.o
LOAD ./Drivers/STM32L0xx_HAL_Driver/Src/stm32l0xx_hal_adc_ex.o
LOAD ./Drivers/STM32L0xx_HAL_Driver/Src/stm32l0xx_hal_cortex.o
LOAD ./Drivers/STM32L0xx_HAL_Driver/Src/stm32l0xx_hal_crc.o
LOAD ./Drivers/STM32L0xx_HAL_Driver/Src/stm32l0xx_hal_crc_ex.o
LOAD ./Drivers/STM32L0xx_HAL_Driver/Src/stm32l0xx_hal_dma.o
LOAD ./Drivers/STM32L0xx_HAL_Driver/Src/stm32l0xx_hal_exti.o
LOAD ./Drivers/STM32L0xx_HAL_Driver/Src/stm32l0xx_hal_flash.o
LOAD ./Drivers/STM32L0xx_HAL_Driver/Src/stm32l0xx_hal_flash_ex.o
LOAD ./Drivers/STM32L0xx_HAL_Driver/Src/stm32l0xx_hal_flash_ramfunc.o
LOAD ./Drivers/STM32L0xx_HAL_Driver/Src/stm32l0xx_hal_gpio.o
LOAD ./Drivers/STM32L0xx_HAL_Driver/Src/stm32l0xx_hal_i2c.o
LOAD ./Drivers/STM32L0xx_HAL_Driver/Src/stm32l0xx_hal_i2c_ex.o
LOAD ./Drivers/STM32L0xx_HAL_Driver/Src/stm32l0xx_hal_iwdg.o
LOAD ./Drivers/STM32L0xx_HAL_Driver/Src/stm32l0xx_hal_pwr.o
LOAD ./Drivers/STM32L0xx_HAL_Driver/Src/stm32l0xx_hal_pwr_ex.o
LOAD ./Drivers/STM32L0xx_HAL_Driver/Src/stm32l0xx_hal_rcc.o
LOAD ./Drivers/STM32L0xx_HAL_Driver/Src/stm32l0xx_hal_rcc_ex.o
LOAD ./Drivers/STM32L0xx_HAL_Driver/Src/stm32l0xx_hal_tim.o
LOAD ./Drivers/STM32L0xx_HAL_Driver/Src/stm32l0xx_hal_tim_ex.o
LOAD ./Drivers/STM32L0xx_HAL_Driver/Src/stm32l0xx_hal_uart.o
LOAD ./Drivers/STM32L0xx_HAL_Driver/Src/stm32l0xx_hal_uart_ex.o
LOAD ./Middlewares/Third_Party/FreeRTOS/Source/CMSIS_RTOS/cmsis_os.o
LOAD ./Middlewares/Third_Party/FreeRTOS/Source/croutine.o
LOAD ./Middlewares/Third_Party/FreeRTOS/Source/event_groups.o
LOAD ./Middlewares/Third_Party/FreeRTOS/Source/list.o
LOAD ./Middlewares/Third_Party/FreeRTOS/Source/queue.o
LOAD ./Middlewares/Third_Party/FreeRTOS/Source/stream_buffer.o
LOAD ./Middlewares/Third_Party/FreeRTOS/Source/tasks.o
LOAD ./Middlewares/Third_Party/FreeRTOS/Source/timers.o
LOAD ./Middlewares/Third_Party/FreeRTOS/Source/portable/GCC/ARM_CM0/port.o
LOAD ./Middlewares/Third_Party/FreeRTOS/Source/portable/MemMang/heap_4.o
LOAD ./Src/StringCommandParser.o
LOAD ./Src/eeprom.o
LOAD ./Src/freertos.o
LOAD ./Src/indication_task.o
LOAD ./Src/led_control_task.o
LOAD ./Src/main.o
LOAD ./Src/management_task.o
LOAD ./Src/modem.o
LOAD ./Src/monitor_task.o
LOAD ./Src/stm32l0xx_hal_msp.o
LOAD ./Src/stm32l0xx_hal_timebase_tim.o
LOAD ./Src/stm32l0xx_it.o
LOAD ./Src/syscalls.o
LOAD ./Src/sysmem.o
LOAD ./Src/system_stm32l0xx.o
LOAD ./Startup/startup_stm32l072kztx.o
START GROUP
LOAD c:/st/stm32cubeide_1.7.0/stm32cubeide/plugins/com.st.stm32cube.ide.mcu.externaltools.gnu-tools-for-stm32.9-2020-q2-update.win32_2.0.0.202105311346/tools/bin/../lib/gcc/arm-none-eabi/9.3.1/../../../../arm-none-eabi/lib/thumb/v6-m/nofp\libc.a
LOAD c:/st/stm32cubeide_1.7.0/stm32cubeide/plugins/com.st.stm32cube.ide.mcu.externaltools.gnu-tools-for-stm32.9-2020-q2-update.win32_2.0.0.202105311346/tools/bin/../lib/gcc/arm-none-eabi/9.3.1/../../../../arm-none-eabi/lib/thumb/v6-m/nofp\libm.a
END GROUP
START GROUP
LOAD c:/st/stm32cubeide_1.7.0/stm32cubeide/plugins/com.st.stm32cube.ide.mcu.externaltools.gnu-tools-for-stm32.9-2020-q2-update.win32_2.0.0.202105311346/tools/bin/../lib/gcc/arm-none-eabi/9.3.1/thumb/v6-m/nofp\libgcc.a
LOAD c:/st/stm32cubeide_1.7.0/stm32cubeide/plugins/com.st.stm32cube.ide.mcu.externaltools.gnu-tools-for-stm32.9-2020-q2-update.win32_2.0.0.202105311346/tools/bin/../lib/gcc/arm-none-eabi/9.3.1/../../../../arm-none-eabi/lib/thumb/v6-m/nofp\libc.a
END GROUP
START GROUP
LOAD c:/st/stm32cubeide_1.7.0/stm32cubeide/plugins/com.st.stm32cube.ide.mcu.externaltools.gnu-tools-for-stm32.9-2020-q2-update.win32_2.0.0.202105311346/tools/bin/../lib/gcc/arm-none-eabi/9.3.1/thumb/v6-m/nofp\libgcc.a
LOAD c:/st/stm32cubeide_1.7.0/stm32cubeide/plugins/com.st.stm32cube.ide.mcu.externaltools.gnu-tools-for-stm32.9-2020-q2-update.win32_2.0.0.202105311346/tools/bin/../lib/gcc/arm-none-eabi/9.3.1/../../../../arm-none-eabi/lib/thumb/v6-m/nofp\libc.a
LOAD c:/st/stm32cubeide_1.7.0/stm32cubeide/plugins/com.st.stm32cube.ide.mcu.externaltools.gnu-tools-for-stm32.9-2020-q2-update.win32_2.0.0.202105311346/tools/bin/../lib/gcc/arm-none-eabi/9.3.1/../../../../arm-none-eabi/lib/thumb/v6-m/nofp\libnosys.a
END GROUP
LOAD c:/st/stm32cubeide_1.7.0/stm32cubeide/plugins/com.st.stm32cube.ide.mcu.externaltools.gnu-tools-for-stm32.9-2020-q2-update.win32_2.0.0.202105311346/tools/bin/../lib/gcc/arm-none-eabi/9.3.1/thumb/v6-m/nofp/crtend.o
LOAD c:/st/stm32cubeide_1.7.0/stm32cubeide/plugins/com.st.stm32cube.ide.mcu.externaltools.gnu-tools-for-stm32.9-2020-q2-update.win32_2.0.0.202105311346/tools/bin/../lib/gcc/arm-none-eabi/9.3.1/thumb/v6-m/nofp/crtn.o
                0x0000000020005000                _estack = (ORIGIN (RAM) + LENGTH (RAM))
                0x0000000000000400                _Min_Heap_Size = 0x400
                0x0000000000000400                _Min_Stack_Size = 0x400

.isr_vector     0x0000000008000000       0xc0
                0x0000000008000000                . = ALIGN (0x4)
 *(.isr_vector)
 .isr_vector    0x0000000008000000       0xc0 ./Startup/startup_stm32l072kztx.o
                0x0000000008000000                g_pfnVectors
                0x00000000080000c0                . = ALIGN (0x4)

.text           0x00000000080000c0     0xe308
                0x00000000080000c0                . = ALIGN (0x4)
 *(.text)
 .text          0x00000000080000c0       0x48 c:/st/stm32cubeide_1.7.0/stm32cubeide/plugins/com.st.stm32cube.ide.mcu.externaltools.gnu-tools-for-stm32.9-2020-q2-update.win32_2.0.0.202105311346/tools/bin/../lib/gcc/arm-none-eabi/9.3.1/thumb/v6-m/nofp/crtbegin.o
 .text          0x0000000008000108        0xe c:/st/stm32cubeide_1.7.0/stm32cubeide/plugins/com.st.stm32cube.ide.mcu.externaltools.gnu-tools-for-stm32.9-2020-q2-update.win32_2.0.0.202105311346/tools/bin/../lib/gcc/arm-none-eabi/9.3.1/../../../../arm-none-eabi/lib/thumb/v6-m/nofp\libc.a(lib_a-strlen.o)
                0x0000000008000108                strlen
 *fill*         0x0000000008000116        0x2 
 .text          0x0000000008000118       0x14 c:/st/stm32cubeide_1.7.0/stm32cubeide/plugins/com.st.stm32cube.ide.mcu.externaltools.gnu-tools-for-stm32.9-2020-q2-update.win32_2.0.0.202105311346/tools/bin/../lib/gcc/arm-none-eabi/9.3.1/thumb/v6-m/nofp\libgcc.a(_thumb1_case_uqi.o)
                0x0000000008000118                __gnu_thumb1_case_uqi
 .text          0x000000000800012c       0x14 c:/st/stm32cubeide_1.7.0/stm32cubeide/plugins/com.st.stm32cube.ide.mcu.externaltools.gnu-tools-for-stm32.9-2020-q2-update.win32_2.0.0.202105311346/tools/bin/../lib/gcc/arm-none-eabi/9.3.1/thumb/v6-m/nofp\libgcc.a(_thumb1_case_uhi.o)
                0x000000000800012c                __gnu_thumb1_case_uhi
 .text          0x0000000008000140      0x114 c:/st/stm32cubeide_1.7.0/stm32cubeide/plugins/com.st.stm32cube.ide.mcu.externaltools.gnu-tools-for-stm32.9-2020-q2-update.win32_2.0.0.202105311346/tools/bin/../lib/gcc/arm-none-eabi/9.3.1/thumb/v6-m/nofp\libgcc.a(_udivsi3.o)
                0x0000000008000140                __aeabi_uidiv
                0x0000000008000140                __udivsi3
                0x000000000800024c                __aeabi_uidivmod
 .text          0x0000000008000254      0x1d4 c:/st/stm32cubeide_1.7.0/stm32cubeide/plugins/com.st.stm32cube.ide.mcu.externaltools.gnu-tools-for-stm32.9-2020-q2-update.win32_2.0.0.202105311346/tools/bin/../lib/gcc/arm-none-eabi/9.3.1/thumb/v6-m/nofp\libgcc.a(_divsi3.o)
                0x0000000008000254                __divsi3
                0x0000000008000254                __aeabi_idiv
                0x0000000008000420                __aeabi_idivmod
 .text          0x0000000008000428        0x4 c:/st/stm32cubeide_1.7.0/stm32cubeide/plugins/com.st.stm32cube.ide.mcu.externaltools.gnu-tools-for-stm32.9-2020-q2-update.win32_2.0.0.202105311346/tools/bin/../lib/gcc/arm-none-eabi/9.3.1/thumb/v6-m/nofp\libgcc.a(_dvmd_tls.o)
                0x0000000008000428                __aeabi_idiv0
                0x0000000008000428                __aeabi_ldiv0
 .text          0x000000000800042c       0x7c c:/st/stm32cubeide_1.7.0/stm32cubeide/plugins/com.st.stm32cube.ide.mcu.externaltools.gnu-tools-for-stm32.9-2020-q2-update.win32_2.0.0.202105311346/tools/bin/../lib/gcc/arm-none-eabi/9.3.1/thumb/v6-m/nofp\libgcc.a(_arm_cmpdf2.o)
                0x000000000800042c                __aeabi_cdrcmple
                0x000000000800043c                __aeabi_cdcmple
                0x000000000800043c                __aeabi_cdcmpeq
                0x000000000800044c                __aeabi_dcmpeq
                0x0000000008000458                __aeabi_dcmplt
                0x000000000800046c                __aeabi_dcmple
                0x0000000008000480                __aeabi_dcmpgt
                0x0000000008000494                __aeabi_dcmpge
 .text          0x00000000080004a8       0x74 c:/st/stm32cubeide_1.7.0/stm32cubeide/plugins/com.st.stm32cube.ide.mcu.externaltools.gnu-tools-for-stm32.9-2020-q2-update.win32_2.0.0.202105311346/tools/bin/../lib/gcc/arm-none-eabi/9.3.1/thumb/v6-m/nofp\libgcc.a(_arm_cmpsf2.o)
                0x00000000080004a8                __aeabi_cfrcmple
                0x00000000080004b0                __aeabi_cfcmpeq
                0x00000000080004b0                __aeabi_cfcmple
                0x00000000080004c0                __aeabi_fcmpeq
                0x00000000080004cc                __aeabi_fcmplt
                0x00000000080004e0                __aeabi_fcmple
                0x00000000080004f4                __aeabi_fcmpgt
                0x0000000008000508                __aeabi_fcmpge
 .text          0x000000000800051c       0x40 c:/st/stm32cubeide_1.7.0/stm32cubeide/plugins/com.st.stm32cube.ide.mcu.externaltools.gnu-tools-for-stm32.9-2020-q2-update.win32_2.0.0.202105311346/tools/bin/../lib/gcc/arm-none-eabi/9.3.1/thumb/v6-m/nofp\libgcc.a(_aeabi_uldivmod.o)
                0x000000000800051c                __aeabi_uldivmod
 .text          0x000000000800055c       0x50 c:/st/stm32cubeide_1.7.0/stm32cubeide/plugins/com.st.stm32cube.ide.mcu.externaltools.gnu-tools-for-stm32.9-2020-q2-update.win32_2.0.0.202105311346/tools/bin/../lib/gcc/arm-none-eabi/9.3.1/thumb/v6-m/nofp\libgcc.a(_muldi3.o)
                0x000000000800055c                __muldi3
                0x000000000800055c                __aeabi_lmul
 .text          0x00000000080005ac       0x30 c:/st/stm32cubeide_1.7.0/stm32cubeide/plugins/com.st.stm32cube.ide.mcu.externaltools.gnu-tools-for-stm32.9-2020-q2-update.win32_2.0.0.202105311346/tools/bin/../lib/gcc/arm-none-eabi/9.3.1/thumb/v6-m/nofp\libgcc.a(_fixunssfsi.o)
                0x00000000080005ac                __fixunssfsi
                0x00000000080005ac                __aeabi_f2uiz
 .text          0x00000000080005dc       0x3c c:/st/stm32cubeide_1.7.0/stm32cubeide/plugins/com.st.stm32cube.ide.mcu.externaltools.gnu-tools-for-stm32.9-2020-q2-update.win32_2.0.0.202105311346/tools/bin/../lib/gcc/arm-none-eabi/9.3.1/thumb/v6-m/nofp\libgcc.a(_fixunsdfsi.o)
                0x00000000080005dc                __aeabi_d2uiz
                0x00000000080005dc                __fixunsdfsi
 .text          0x0000000008000618      0x198 c:/st/stm32cubeide_1.7.0/stm32cubeide/plugins/com.st.stm32cube.ide.mcu.externaltools.gnu-tools-for-stm32.9-2020-q2-update.win32_2.0.0.202105311346/tools/bin/../lib/gcc/arm-none-eabi/9.3.1/thumb/v6-m/nofp\libgcc.a(_udivmoddi4.o)
                0x0000000008000618                __udivmoddi4
 .text          0x00000000080007b0      0x338 c:/st/stm32cubeide_1.7.0/stm32cubeide/plugins/com.st.stm32cube.ide.mcu.externaltools.gnu-tools-for-stm32.9-2020-q2-update.win32_2.0.0.202105311346/tools/bin/../lib/gcc/arm-none-eabi/9.3.1/thumb/v6-m/nofp\libgcc.a(addsf3.o)
                0x00000000080007b0                __aeabi_fadd
 .text          0x0000000008000ae8       0x50 c:/st/stm32cubeide_1.7.0/stm32cubeide/plugins/com.st.stm32cube.ide.mcu.externaltools.gnu-tools-for-stm32.9-2020-q2-update.win32_2.0.0.202105311346/tools/bin/../lib/gcc/arm-none-eabi/9.3.1/thumb/v6-m/nofp\libgcc.a(eqsf2.o)
                0x0000000008000ae8                __eqsf2
                0x0000000008000ae8                __nesf2
 .text          0x0000000008000b38       0x98 c:/st/stm32cubeide_1.7.0/stm32cubeide/plugins/com.st.stm32cube.ide.mcu.externaltools.gnu-tools-for-stm32.9-2020-q2-update.win32_2.0.0.202105311346/tools/bin/../lib/gcc/arm-none-eabi/9.3.1/thumb/v6-m/nofp\libgcc.a(gesf2.o)
                0x0000000008000b38                __gesf2
                0x0000000008000b38                __gtsf2
 .text          0x0000000008000bd0       0x94 c:/st/stm32cubeide_1.7.0/stm32cubeide/plugins/com.st.stm32cube.ide.mcu.externaltools.gnu-tools-for-stm32.9-2020-q2-update.win32_2.0.0.202105311346/tools/bin/../lib/gcc/arm-none-eabi/9.3.1/thumb/v6-m/nofp\libgcc.a(lesf2.o)
                0x0000000008000bd0                __ltsf2
                0x0000000008000bd0                __lesf2
 .text          0x0000000008000c64      0x390 c:/st/stm32cubeide_1.7.0/stm32cubeide/plugins/com.st.stm32cube.ide.mcu.externaltools.gnu-tools-for-stm32.9-2020-q2-update.win32_2.0.0.202105311346/tools/bin/../lib/gcc/arm-none-eabi/9.3.1/thumb/v6-m/nofp\libgcc.a(subsf3.o)
                0x0000000008000c64                __aeabi_fsub
 .text          0x0000000008000ff4       0x40 c:/st/stm32cubeide_1.7.0/stm32cubeide/plugins/com.st.stm32cube.ide.mcu.externaltools.gnu-tools-for-stm32.9-2020-q2-update.win32_2.0.0.202105311346/tools/bin/../lib/gcc/arm-none-eabi/9.3.1/thumb/v6-m/nofp\libgcc.a(fixsfsi.o)
                0x0000000008000ff4                __aeabi_f2iz
 .text          0x0000000008001034       0x8c c:/st/stm32cubeide_1.7.0/stm32cubeide/plugins/com.st.stm32cube.ide.mcu.externaltools.gnu-tools-for-stm32.9-2020-q2-update.win32_2.0.0.202105311346/tools/bin/../lib/gcc/arm-none-eabi/9.3.1/thumb/v6-m/nofp\libgcc.a(floatsisf.o)
                0x0000000008001034                __aeabi_i2f
 .text          0x00000000080010c0       0x78 c:/st/stm32cubeide_1.7.0/stm32cubeide/plugins/com.st.stm32cube.ide.mcu.externaltools.gnu-tools-for-stm32.9-2020-q2-update.win32_2.0.0.202105311346/tools/bin/../lib/gcc/arm-none-eabi/9.3.1/thumb/v6-m/nofp\libgcc.a(floatunsisf.o)
                0x00000000080010c0                __aeabi_ui2f
 .text          0x0000000008001138      0x6d4 c:/st/stm32cubeide_1.7.0/stm32cubeide/plugins/com.st.stm32cube.ide.mcu.externaltools.gnu-tools-for-stm32.9-2020-q2-update.win32_2.0.0.202105311346/tools/bin/../lib/gcc/arm-none-eabi/9.3.1/thumb/v6-m/nofp\libgcc.a(adddf3.o)
                0x0000000008001138                __aeabi_dadd
 .text          0x000000000800180c      0x5d0 c:/st/stm32cubeide_1.7.0/stm32cubeide/plugins/com.st.stm32cube.ide.mcu.externaltools.gnu-tools-for-stm32.9-2020-q2-update.win32_2.0.0.202105311346/tools/bin/../lib/gcc/arm-none-eabi/9.3.1/thumb/v6-m/nofp\libgcc.a(divdf3.o)
                0x000000000800180c                __aeabi_ddiv
 .text          0x0000000008001ddc       0x78 c:/st/stm32cubeide_1.7.0/stm32cubeide/plugins/com.st.stm32cube.ide.mcu.externaltools.gnu-tools-for-stm32.9-2020-q2-update.win32_2.0.0.202105311346/tools/bin/../lib/gcc/arm-none-eabi/9.3.1/thumb/v6-m/nofp\libgcc.a(eqdf2.o)
                0x0000000008001ddc                __nedf2
                0x0000000008001ddc                __eqdf2
 .text          0x0000000008001e54       0xe4 c:/st/stm32cubeide_1.7.0/stm32cubeide/plugins/com.st.stm32cube.ide.mcu.externaltools.gnu-tools-for-stm32.9-2020-q2-update.win32_2.0.0.202105311346/tools/bin/../lib/gcc/arm-none-eabi/9.3.1/thumb/v6-m/nofp\libgcc.a(gedf2.o)
                0x0000000008001e54                __gedf2
                0x0000000008001e54                __gtdf2
 .text          0x0000000008001f38       0xe0 c:/st/stm32cubeide_1.7.0/stm32cubeide/plugins/com.st.stm32cube.ide.mcu.externaltools.gnu-tools-for-stm32.9-2020-q2-update.win32_2.0.0.202105311346/tools/bin/../lib/gcc/arm-none-eabi/9.3.1/thumb/v6-m/nofp\libgcc.a(ledf2.o)
                0x0000000008001f38                __ledf2
                0x0000000008001f38                __ltdf2
 .text          0x0000000008002018      0x4d8 c:/st/stm32cubeide_1.7.0/stm32cubeide/plugins/com.st.stm32cube.ide.mcu.externaltools.gnu-tools-for-stm32.9-2020-q2-update.win32_2.0.0.202105311346/tools/bin/../lib/gcc/arm-none-eabi/9.3.1/thumb/v6-m/nofp\libgcc.a(muldf3.o)
                0x0000000008002018                __aeabi_dmul
 .text          0x00000000080024f0      0x724 c:/st/stm32cubeide_1.7.0/stm32cubeide/plugins/com.st.stm32cube.ide.mcu.externaltools.gnu-tools-for-stm32.9-2020-q2-update.win32_2.0.0.202105311346/tools/bin/../lib/gcc/arm-none-eabi/9.3.1/thumb/v6-m/nofp\libgcc.a(subdf3.o)
                0x00000000080024f0                __aeabi_dsub
 .text          0x0000000008002c14       0x3c c:/st/stm32cubeide_1.7.0/stm32cubeide/plugins/com.st.stm32cube.ide.mcu.externaltools.gnu-tools-for-stm32.9-2020-q2-update.win32_2.0.0.202105311346/tools/bin/../lib/gcc/arm-none-eabi/9.3.1/thumb/v6-m/nofp\libgcc.a(unorddf2.o)
                0x0000000008002c14                __aeabi_dcmpun
 .text          0x0000000008002c50       0x6c c:/st/stm32cubeide_1.7.0/stm32cubeide/plugins/com.st.stm32cube.ide.mcu.externaltools.gnu-tools-for-stm32.9-2020-q2-update.win32_2.0.0.202105311346/tools/bin/../lib/gcc/arm-none-eabi/9.3.1/thumb/v6-m/nofp\libgcc.a(fixdfsi.o)
                0x0000000008002c50                __aeabi_d2iz
 .text          0x0000000008002cbc       0x60 c:/st/stm32cubeide_1.7.0/stm32cubeide/plugins/com.st.stm32cube.ide.mcu.externaltools.gnu-tools-for-stm32.9-2020-q2-update.win32_2.0.0.202105311346/tools/bin/../lib/gcc/arm-none-eabi/9.3.1/thumb/v6-m/nofp\libgcc.a(floatsidf.o)
                0x0000000008002cbc                __aeabi_i2d
 .text          0x0000000008002d1c       0x4c c:/st/stm32cubeide_1.7.0/stm32cubeide/plugins/com.st.stm32cube.ide.mcu.externaltools.gnu-tools-for-stm32.9-2020-q2-update.win32_2.0.0.202105311346/tools/bin/../lib/gcc/arm-none-eabi/9.3.1/thumb/v6-m/nofp\libgcc.a(floatunsidf.o)
                0x0000000008002d1c                __aeabi_ui2d
 .text          0x0000000008002d68      0x110 c:/st/stm32cubeide_1.7.0/stm32cubeide/plugins/com.st.stm32cube.ide.mcu.externaltools.gnu-tools-for-stm32.9-2020-q2-update.win32_2.0.0.202105311346/tools/bin/../lib/gcc/arm-none-eabi/9.3.1/thumb/v6-m/nofp\libgcc.a(truncdfsf2.o)
                0x0000000008002d68                __aeabi_d2f
 .text          0x0000000008002e78       0x3c c:/st/stm32cubeide_1.7.0/stm32cubeide/plugins/com.st.stm32cube.ide.mcu.externaltools.gnu-tools-for-stm32.9-2020-q2-update.win32_2.0.0.202105311346/tools/bin/../lib/gcc/arm-none-eabi/9.3.1/thumb/v6-m/nofp\libgcc.a(_clzsi2.o)
                0x0000000008002e78                __clzsi2
 .text          0x0000000008002eb4       0x18 c:/st/stm32cubeide_1.7.0/stm32cubeide/plugins/com.st.stm32cube.ide.mcu.externaltools.gnu-tools-for-stm32.9-2020-q2-update.win32_2.0.0.202105311346/tools/bin/../lib/gcc/arm-none-eabi/9.3.1/thumb/v6-m/nofp\libgcc.a(_clzdi2.o)
                0x0000000008002eb4                __clzdi2
 *(.text*)
 .text.HAL_Init
                0x0000000008002ecc       0x28 ./Drivers/STM32L0xx_HAL_Driver/Src/stm32l0xx_hal.o
                0x0000000008002ecc                HAL_Init
 .text.HAL_IncTick
                0x0000000008002ef4       0x18 ./Drivers/STM32L0xx_HAL_Driver/Src/stm32l0xx_hal.o
                0x0000000008002ef4                HAL_IncTick
 .text.HAL_GetTick
                0x0000000008002f0c        0xc ./Drivers/STM32L0xx_HAL_Driver/Src/stm32l0xx_hal.o
                0x0000000008002f0c                HAL_GetTick
 .text.ADC_DelayMicroSecond
                0x0000000008002f18       0x30 ./Drivers/STM32L0xx_HAL_Driver/Src/stm32l0xx_hal_adc.o
 .text.ADC_Enable
                0x0000000008002f48       0x80 ./Drivers/STM32L0xx_HAL_Driver/Src/stm32l0xx_hal_adc.o
 .text.HAL_ADC_Init
                0x0000000008002fc8      0x1ec ./Drivers/STM32L0xx_HAL_Driver/Src/stm32l0xx_hal_adc.o
                0x0000000008002fc8                HAL_ADC_Init
 .text.HAL_ADC_Start_DMA
                0x00000000080031b4       0xa4 ./Drivers/STM32L0xx_HAL_Driver/Src/stm32l0xx_hal_adc.o
                0x00000000080031b4                HAL_ADC_Start_DMA
 .text.HAL_ADC_ConvCpltCallback
                0x0000000008003258        0x2 ./Drivers/STM32L0xx_HAL_Driver/Src/stm32l0xx_hal_adc.o
                0x0000000008003258                HAL_ADC_ConvCpltCallback
 *fill*         0x000000000800325a        0x2 
 .text.ADC_DMAConvCplt
                0x000000000800325c       0x74 ./Drivers/STM32L0xx_HAL_Driver/Src/stm32l0xx_hal_adc.o
 .text.HAL_ADC_ConvHalfCpltCallback
                0x00000000080032d0        0x2 ./Drivers/STM32L0xx_HAL_Driver/Src/stm32l0xx_hal_adc.o
                0x00000000080032d0                HAL_ADC_ConvHalfCpltCallback
 .text.ADC_DMAHalfConvCplt
                0x00000000080032d2        0xa ./Drivers/STM32L0xx_HAL_Driver/Src/stm32l0xx_hal_adc.o
 .text.HAL_ADC_LevelOutOfWindowCallback
                0x00000000080032dc        0x2 ./Drivers/STM32L0xx_HAL_Driver/Src/stm32l0xx_hal_adc.o
                0x00000000080032dc                HAL_ADC_LevelOutOfWindowCallback
 .text.HAL_ADC_ErrorCallback
                0x00000000080032de        0x2 ./Drivers/STM32L0xx_HAL_Driver/Src/stm32l0xx_hal_adc.o
                0x00000000080032de                HAL_ADC_ErrorCallback
 .text.ADC_DMAError
                0x00000000080032e0       0x1a ./Drivers/STM32L0xx_HAL_Driver/Src/stm32l0xx_hal_adc.o
 *fill*         0x00000000080032fa        0x2 
 .text.HAL_ADC_IRQHandler
                0x00000000080032fc       0xe4 ./Drivers/STM32L0xx_HAL_Driver/Src/stm32l0xx_hal_adc.o
                0x00000000080032fc                HAL_ADC_IRQHandler
 .text.HAL_ADC_ConfigChannel
                0x00000000080033e0       0xbc ./Drivers/STM32L0xx_HAL_Driver/Src/stm32l0xx_hal_adc.o
                0x00000000080033e0                HAL_ADC_ConfigChannel
 .text.HAL_NVIC_SetPriority
                0x000000000800349c       0x60 ./Drivers/STM32L0xx_HAL_Driver/Src/stm32l0xx_hal_cortex.o
                0x000000000800349c                HAL_NVIC_SetPriority
 .text.HAL_NVIC_EnableIRQ
                0x00000000080034fc       0x18 ./Drivers/STM32L0xx_HAL_Driver/Src/stm32l0xx_hal_cortex.o
                0x00000000080034fc                HAL_NVIC_EnableIRQ
 .text.CRC_Handle_8
                0x0000000008003514       0x7a ./Drivers/STM32L0xx_HAL_Driver/Src/stm32l0xx_hal_crc.o
 .text.CRC_Handle_16
                0x000000000800358e       0x30 ./Drivers/STM32L0xx_HAL_Driver/Src/stm32l0xx_hal_crc.o
 *fill*         0x00000000080035be        0x2 
 .text.HAL_CRC_Init
                0x00000000080035c0       0x84 ./Drivers/STM32L0xx_HAL_Driver/Src/stm32l0xx_hal_crc.o
                0x00000000080035c0                HAL_CRC_Init
 .text.HAL_CRC_Calculate
                0x0000000008003644       0x50 ./Drivers/STM32L0xx_HAL_Driver/Src/stm32l0xx_hal_crc.o
                0x0000000008003644                HAL_CRC_Calculate
 .text.HAL_CRCEx_Polynomial_Set
                0x0000000008003694       0x60 ./Drivers/STM32L0xx_HAL_Driver/Src/stm32l0xx_hal_crc_ex.o
                0x0000000008003694                HAL_CRCEx_Polynomial_Set
 .text.DMA_SetConfig
                0x00000000080036f4       0x2e ./Drivers/STM32L0xx_HAL_Driver/Src/stm32l0xx_hal_dma.o
 *fill*         0x0000000008003722        0x2 
 .text.HAL_DMA_Init
                0x0000000008003724       0x98 ./Drivers/STM32L0xx_HAL_Driver/Src/stm32l0xx_hal_dma.o
                0x0000000008003724                HAL_DMA_Init
 .text.HAL_DMA_Start_IT
                0x00000000080037bc       0x76 ./Drivers/STM32L0xx_HAL_Driver/Src/stm32l0xx_hal_dma.o
                0x00000000080037bc                HAL_DMA_Start_IT
 .text.HAL_DMA_Abort
                0x0000000008003832       0x48 ./Drivers/STM32L0xx_HAL_Driver/Src/stm32l0xx_hal_dma.o
                0x0000000008003832                HAL_DMA_Abort
 .text.HAL_DMA_Abort_IT
                0x000000000800387a       0x4e ./Drivers/STM32L0xx_HAL_Driver/Src/stm32l0xx_hal_dma.o
                0x000000000800387a                HAL_DMA_Abort_IT
 .text.HAL_DMA_IRQHandler
                0x00000000080038c8       0xba ./Drivers/STM32L0xx_HAL_Driver/Src/stm32l0xx_hal_dma.o
                0x00000000080038c8                HAL_DMA_IRQHandler
 *fill*         0x0000000008003982        0x2 
 .text.FLASH_SetErrorCode
                0x0000000008003984       0xb8 ./Drivers/STM32L0xx_HAL_Driver/Src/stm32l0xx_hal_flash.o
 .text.FLASH_WaitForLastOperation
                0x0000000008003a3c       0x80 ./Drivers/STM32L0xx_HAL_Driver/Src/stm32l0xx_hal_flash.o
                0x0000000008003a3c                FLASH_WaitForLastOperation
 .text.HAL_FLASHEx_DATAEEPROM_Unlock
                0x0000000008003abc       0x3c ./Drivers/STM32L0xx_HAL_Driver/Src/stm32l0xx_hal_flash_ex.o
                0x0000000008003abc                HAL_FLASHEx_DATAEEPROM_Unlock
 .text.HAL_FLASHEx_DATAEEPROM_Lock
                0x0000000008003af8       0x14 ./Drivers/STM32L0xx_HAL_Driver/Src/stm32l0xx_hal_flash_ex.o
                0x0000000008003af8                HAL_FLASHEx_DATAEEPROM_Lock
 .text.HAL_FLASHEx_DATAEEPROM_Program
                0x0000000008003b0c       0x5c ./Drivers/STM32L0xx_HAL_Driver/Src/stm32l0xx_hal_flash_ex.o
                0x0000000008003b0c                HAL_FLASHEx_DATAEEPROM_Program
 .text.HAL_GPIO_Init
                0x0000000008003b68      0x19c ./Drivers/STM32L0xx_HAL_Driver/Src/stm32l0xx_hal_gpio.o
                0x0000000008003b68                HAL_GPIO_Init
 .text.HAL_GPIO_ReadPin
                0x0000000008003d04        0xe ./Drivers/STM32L0xx_HAL_Driver/Src/stm32l0xx_hal_gpio.o
                0x0000000008003d04                HAL_GPIO_ReadPin
 .text.HAL_GPIO_WritePin
                0x0000000008003d12        0xc ./Drivers/STM32L0xx_HAL_Driver/Src/stm32l0xx_hal_gpio.o
                0x0000000008003d12                HAL_GPIO_WritePin
 *fill*         0x0000000008003d1e        0x2 
 .text.HAL_IWDG_Init
                0x0000000008003d20       0x68 ./Drivers/STM32L0xx_HAL_Driver/Src/stm32l0xx_hal_iwdg.o
                0x0000000008003d20                HAL_IWDG_Init
 .text.HAL_IWDG_Refresh
                0x0000000008003d88       0x10 ./Drivers/STM32L0xx_HAL_Driver/Src/stm32l0xx_hal_iwdg.o
                0x0000000008003d88                HAL_IWDG_Refresh
 .text.HAL_PWR_ConfigPVD
                0x0000000008003d98       0x80 ./Drivers/STM32L0xx_HAL_Driver/Src/stm32l0xx_hal_pwr.o
                0x0000000008003d98                HAL_PWR_ConfigPVD
 .text.HAL_PWR_EnablePVD
                0x0000000008003e18       0x10 ./Drivers/STM32L0xx_HAL_Driver/Src/stm32l0xx_hal_pwr.o
                0x0000000008003e18                HAL_PWR_EnablePVD
 .text.HAL_RCC_GetSysClockFreq
                0x0000000008003e28       0xb0 ./Drivers/STM32L0xx_HAL_Driver/Src/stm32l0xx_hal_rcc.o
                0x0000000008003e28                HAL_RCC_GetSysClockFreq
 .text.HAL_RCC_OscConfig
                0x0000000008003ed8      0x598 ./Drivers/STM32L0xx_HAL_Driver/Src/stm32l0xx_hal_rcc.o
                0x0000000008003ed8                HAL_RCC_OscConfig
 .text.HAL_RCC_ClockConfig
                0x0000000008004470      0x1d8 ./Drivers/STM32L0xx_HAL_Driver/Src/stm32l0xx_hal_rcc.o
                0x0000000008004470                HAL_RCC_ClockConfig
 .text.HAL_RCC_GetHCLKFreq
                0x0000000008004648        0xc ./Drivers/STM32L0xx_HAL_Driver/Src/stm32l0xx_hal_rcc.o
                0x0000000008004648                HAL_RCC_GetHCLKFreq
 .text.HAL_RCC_GetPCLK1Freq
                0x0000000008004654       0x20 ./Drivers/STM32L0xx_HAL_Driver/Src/stm32l0xx_hal_rcc.o
                0x0000000008004654                HAL_RCC_GetPCLK1Freq
 .text.HAL_RCC_GetPCLK2Freq
                0x0000000008004674       0x20 ./Drivers/STM32L0xx_HAL_Driver/Src/stm32l0xx_hal_rcc.o
                0x0000000008004674                HAL_RCC_GetPCLK2Freq
 .text.HAL_RCC_GetClockConfig
                0x0000000008004694       0x40 ./Drivers/STM32L0xx_HAL_Driver/Src/stm32l0xx_hal_rcc.o
                0x0000000008004694                HAL_RCC_GetClockConfig
 .text.HAL_RCCEx_PeriphCLKConfig
                0x00000000080046d4      0x1e4 ./Drivers/STM32L0xx_HAL_Driver/Src/stm32l0xx_hal_rcc_ex.o
                0x00000000080046d4                HAL_RCCEx_PeriphCLKConfig
 .text.TIM_Base_SetConfig
                0x00000000080048b8       0x70 ./Drivers/STM32L0xx_HAL_Driver/Src/stm32l0xx_hal_tim.o
 .text.TIM_TI1_ConfigInputStage
                0x0000000008004928       0x22 ./Drivers/STM32L0xx_HAL_Driver/Src/stm32l0xx_hal_tim.o
 *fill*         0x000000000800494a        0x2 
 .text.TIM_TI2_ConfigInputStage
                0x000000000800494c       0x28 ./Drivers/STM32L0xx_HAL_Driver/Src/stm32l0xx_hal_tim.o
 .text.TIM_ITRx_SetConfig
                0x0000000008004974       0x10 ./Drivers/STM32L0xx_HAL_Driver/Src/stm32l0xx_hal_tim.o
 .text.TIM_ETR_SetConfig
                0x0000000008004984       0x18 ./Drivers/STM32L0xx_HAL_Driver/Src/stm32l0xx_hal_tim.o
 .text.HAL_TIM_Base_Init
                0x000000000800499c       0x48 ./Drivers/STM32L0xx_HAL_Driver/Src/stm32l0xx_hal_tim.o
                0x000000000800499c                HAL_TIM_Base_Init
 .text.HAL_TIM_Base_Start
                0x00000000080049e4       0x60 ./Drivers/STM32L0xx_HAL_Driver/Src/stm32l0xx_hal_tim.o
                0x00000000080049e4                HAL_TIM_Base_Start
 .text.HAL_TIM_Base_Start_IT
                0x0000000008004a44       0x6c ./Drivers/STM32L0xx_HAL_Driver/Src/stm32l0xx_hal_tim.o
                0x0000000008004a44                HAL_TIM_Base_Start_IT
 .text.HAL_TIM_Base_Stop_IT
                0x0000000008004ab0       0x2c ./Drivers/STM32L0xx_HAL_Driver/Src/stm32l0xx_hal_tim.o
                0x0000000008004ab0                HAL_TIM_Base_Stop_IT
 .text.HAL_TIM_ConfigClockSource
                0x0000000008004adc      0x108 ./Drivers/STM32L0xx_HAL_Driver/Src/stm32l0xx_hal_tim.o
                0x0000000008004adc                HAL_TIM_ConfigClockSource
 .text.HAL_TIM_OC_DelayElapsedCallback
                0x0000000008004be4        0x2 ./Drivers/STM32L0xx_HAL_Driver/Src/stm32l0xx_hal_tim.o
                0x0000000008004be4                HAL_TIM_OC_DelayElapsedCallback
 .text.HAL_TIM_IC_CaptureCallback
                0x0000000008004be6        0x2 ./Drivers/STM32L0xx_HAL_Driver/Src/stm32l0xx_hal_tim.o
                0x0000000008004be6                HAL_TIM_IC_CaptureCallback
 .text.HAL_TIM_PWM_PulseFinishedCallback
                0x0000000008004be8        0x2 ./Drivers/STM32L0xx_HAL_Driver/Src/stm32l0xx_hal_tim.o
                0x0000000008004be8                HAL_TIM_PWM_PulseFinishedCallback
 .text.HAL_TIM_TriggerCallback
                0x0000000008004bea        0x2 ./Drivers/STM32L0xx_HAL_Driver/Src/stm32l0xx_hal_tim.o
                0x0000000008004bea                HAL_TIM_TriggerCallback
 .text.HAL_TIM_IRQHandler
                0x0000000008004bec      0x122 ./Drivers/STM32L0xx_HAL_Driver/Src/stm32l0xx_hal_tim.o
                0x0000000008004bec                HAL_TIM_IRQHandler
 *fill*         0x0000000008004d0e        0x2 
 .text.HAL_TIMEx_MasterConfigSynchronization
                0x0000000008004d10       0x6c ./Drivers/STM32L0xx_HAL_Driver/Src/stm32l0xx_hal_tim_ex.o
                0x0000000008004d10                HAL_TIMEx_MasterConfigSynchronization
 .text.UART_EndTxTransfer
                0x0000000008004d7c       0x20 ./Drivers/STM32L0xx_HAL_Driver/Src/stm32l0xx_hal_uart.o
 .text.UART_EndRxTransfer
                0x0000000008004d9c       0x5c ./Drivers/STM32L0xx_HAL_Driver/Src/stm32l0xx_hal_uart.o
 .text.HAL_UART_Transmit_DMA
                0x0000000008004df8       0xd4 ./Drivers/STM32L0xx_HAL_Driver/Src/stm32l0xx_hal_uart.o
                0x0000000008004df8                HAL_UART_Transmit_DMA
 .text.HAL_UART_TxCpltCallback
                0x0000000008004ecc        0x2 ./Drivers/STM32L0xx_HAL_Driver/Src/stm32l0xx_hal_uart.o
                0x0000000008004ecc                HAL_UART_TxCpltCallback
 .text.UART_DMATransmitCplt
                0x0000000008004ece       0x4a ./Drivers/STM32L0xx_HAL_Driver/Src/stm32l0xx_hal_uart.o
 .text.UART_EndTransmit_IT
                0x0000000008004f18       0x28 ./Drivers/STM32L0xx_HAL_Driver/Src/stm32l0xx_hal_uart.o
 .text.HAL_UART_TxHalfCpltCallback
                0x0000000008004f40        0x2 ./Drivers/STM32L0xx_HAL_Driver/Src/stm32l0xx_hal_uart.o
                0x0000000008004f40                HAL_UART_TxHalfCpltCallback
 .text.UART_DMATxHalfCplt
                0x0000000008004f42        0xa ./Drivers/STM32L0xx_HAL_Driver/Src/stm32l0xx_hal_uart.o
 .text.HAL_UART_RxHalfCpltCallback
                0x0000000008004f4c        0x2 ./Drivers/STM32L0xx_HAL_Driver/Src/stm32l0xx_hal_uart.o
                0x0000000008004f4c                HAL_UART_RxHalfCpltCallback
 .text.HAL_UART_ErrorCallback
                0x0000000008004f4e        0x2 ./Drivers/STM32L0xx_HAL_Driver/Src/stm32l0xx_hal_uart.o
                0x0000000008004f4e                HAL_UART_ErrorCallback
 .text.UART_DMAError
                0x0000000008004f50       0x4e ./Drivers/STM32L0xx_HAL_Driver/Src/stm32l0xx_hal_uart.o
 .text.UART_DMAAbortOnError
                0x0000000008004f9e       0x14 ./Drivers/STM32L0xx_HAL_Driver/Src/stm32l0xx_hal_uart.o
 .text.HAL_UARTEx_RxEventCallback
                0x0000000008004fb2        0x2 ./Drivers/STM32L0xx_HAL_Driver/Src/stm32l0xx_hal_uart.o
                0x0000000008004fb2                HAL_UARTEx_RxEventCallback
 .text.HAL_UART_IRQHandler
                0x0000000008004fb4      0x2d0 ./Drivers/STM32L0xx_HAL_Driver/Src/stm32l0xx_hal_uart.o
                0x0000000008004fb4                HAL_UART_IRQHandler
 .text.UART_DMARxHalfCplt
                0x0000000008005284       0x1c ./Drivers/STM32L0xx_HAL_Driver/Src/stm32l0xx_hal_uart.o
 .text.UART_DMAReceiveCplt
                0x00000000080052a0       0x94 ./Drivers/STM32L0xx_HAL_Driver/Src/stm32l0xx_hal_uart.o
 .text.UART_SetConfig
                0x0000000008005334      0x2c4 ./Drivers/STM32L0xx_HAL_Driver/Src/stm32l0xx_hal_uart.o
                0x0000000008005334                UART_SetConfig
 .text.UART_AdvFeatureConfig
                0x00000000080055f8       0xe0 ./Drivers/STM32L0xx_HAL_Driver/Src/stm32l0xx_hal_uart.o
                0x00000000080055f8                UART_AdvFeatureConfig
 .text.UART_WaitOnFlagUntilTimeout
                0x00000000080056d8       0xdc ./Drivers/STM32L0xx_HAL_Driver/Src/stm32l0xx_hal_uart.o
                0x00000000080056d8                UART_WaitOnFlagUntilTimeout
 .text.UART_CheckIdleState
                0x00000000080057b4       0x70 ./Drivers/STM32L0xx_HAL_Driver/Src/stm32l0xx_hal_uart.o
                0x00000000080057b4                UART_CheckIdleState
 .text.HAL_UART_Init
                0x0000000008005824       0x6c ./Drivers/STM32L0xx_HAL_Driver/Src/stm32l0xx_hal_uart.o
                0x0000000008005824                HAL_UART_Init
 .text.UART_Start_Receive_DMA
                0x0000000008005890       0xb0 ./Drivers/STM32L0xx_HAL_Driver/Src/stm32l0xx_hal_uart.o
                0x0000000008005890                UART_Start_Receive_DMA
 .text.HAL_UART_Receive_DMA
                0x0000000008005940       0x7c ./Drivers/STM32L0xx_HAL_Driver/Src/stm32l0xx_hal_uart.o
                0x0000000008005940                HAL_UART_Receive_DMA
 .text.HAL_UARTEx_WakeupCallback
                0x00000000080059bc        0x2 ./Drivers/STM32L0xx_HAL_Driver/Src/stm32l0xx_hal_uart_ex.o
                0x00000000080059bc                HAL_UARTEx_WakeupCallback
 .text.makeFreeRtosPriority
                0x00000000080059be        0xc ./Middlewares/Third_Party/FreeRTOS/Source/CMSIS_RTOS/cmsis_os.o
 .text.inHandlerMode
                0x00000000080059ca        0xa ./Middlewares/Third_Party/FreeRTOS/Source/CMSIS_RTOS/cmsis_os.o
 .text.osKernelStart
                0x00000000080059d4        0xa ./Middlewares/Third_Party/FreeRTOS/Source/CMSIS_RTOS/cmsis_os.o
                0x00000000080059d4                osKernelStart
 .text.osThreadCreate
                0x00000000080059de       0x74 ./Middlewares/Third_Party/FreeRTOS/Source/CMSIS_RTOS/cmsis_os.o
                0x00000000080059de                osThreadCreate
 .text.osDelay  0x0000000008005a52       0x10 ./Middlewares/Third_Party/FreeRTOS/Source/CMSIS_RTOS/cmsis_os.o
                0x0000000008005a52                osDelay
 *fill*         0x0000000008005a62        0x2 
 .text.osSignalSet
                0x0000000008005a64       0x60 ./Middlewares/Third_Party/FreeRTOS/Source/CMSIS_RTOS/cmsis_os.o
                0x0000000008005a64                osSignalSet
 .text.osSignalWait
                0x0000000008005ac4       0x5a ./Middlewares/Third_Party/FreeRTOS/Source/CMSIS_RTOS/cmsis_os.o
                0x0000000008005ac4                osSignalWait
 .text.osMessageCreate
                0x0000000008005b1e       0x2c ./Middlewares/Third_Party/FreeRTOS/Source/CMSIS_RTOS/cmsis_os.o
                0x0000000008005b1e                osMessageCreate
 *fill*         0x0000000008005b4a        0x2 
 .text.osMessagePut
                0x0000000008005b4c       0x64 ./Middlewares/Third_Party/FreeRTOS/Source/CMSIS_RTOS/cmsis_os.o
                0x0000000008005b4c                osMessagePut
 .text.osMessageGet
                0x0000000008005bb0       0x84 ./Middlewares/Third_Party/FreeRTOS/Source/CMSIS_RTOS/cmsis_os.o
                0x0000000008005bb0                osMessageGet
 .text.vListInitialise
                0x0000000008005c34       0x16 ./Middlewares/Third_Party/FreeRTOS/Source/list.o
                0x0000000008005c34                vListInitialise
 .text.vListInitialiseItem
                0x0000000008005c4a        0x6 ./Middlewares/Third_Party/FreeRTOS/Source/list.o
                0x0000000008005c4a                vListInitialiseItem
 .text.vListInsertEnd
                0x0000000008005c50       0x16 ./Middlewares/Third_Party/FreeRTOS/Source/list.o
                0x0000000008005c50                vListInsertEnd
 .text.vListInsert
                0x0000000008005c66       0x2e ./Middlewares/Third_Party/FreeRTOS/Source/list.o
                0x0000000008005c66                vListInsert
 .text.uxListRemove
                0x0000000008005c94       0x26 ./Middlewares/Third_Party/FreeRTOS/Source/list.o
                0x0000000008005c94                uxListRemove
 .text.prvIsQueueFull
                0x0000000008005cba       0x1e ./Middlewares/Third_Party/FreeRTOS/Source/queue.o
 .text.prvIsQueueEmpty
                0x0000000008005cd8       0x1c ./Middlewares/Third_Party/FreeRTOS/Source/queue.o
 .text.prvCopyDataToQueue
                0x0000000008005cf4       0x82 ./Middlewares/Third_Party/FreeRTOS/Source/queue.o
 .text.prvCopyDataFromQueue
                0x0000000008005d76       0x24 ./Middlewares/Third_Party/FreeRTOS/Source/queue.o
 .text.prvUnlockQueue
                0x0000000008005d9a       0x72 ./Middlewares/Third_Party/FreeRTOS/Source/queue.o
 .text.xQueueGenericReset
                0x0000000008005e0c       0x6e ./Middlewares/Third_Party/FreeRTOS/Source/queue.o
                0x0000000008005e0c                xQueueGenericReset
 .text.prvInitialiseNewQueue
                0x0000000008005e7a       0x1c ./Middlewares/Third_Party/FreeRTOS/Source/queue.o
 .text.xQueueGenericCreateStatic
                0x0000000008005e96       0x54 ./Middlewares/Third_Party/FreeRTOS/Source/queue.o
                0x0000000008005e96                xQueueGenericCreateStatic
 .text.xQueueGenericCreate
                0x0000000008005eea       0x44 ./Middlewares/Third_Party/FreeRTOS/Source/queue.o
                0x0000000008005eea                xQueueGenericCreate
 .text.xQueueGenericSend
                0x0000000008005f2e      0x128 ./Middlewares/Third_Party/FreeRTOS/Source/queue.o
                0x0000000008005f2e                xQueueGenericSend
 .text.xQueueGenericSendFromISR
                0x0000000008006056       0xa2 ./Middlewares/Third_Party/FreeRTOS/Source/queue.o
                0x0000000008006056                xQueueGenericSendFromISR
 .text.xQueueReceive
                0x00000000080060f8      0x116 ./Middlewares/Third_Party/FreeRTOS/Source/queue.o
                0x00000000080060f8                xQueueReceive
 .text.xQueueReceiveFromISR
                0x000000000800620e       0x8e ./Middlewares/Third_Party/FreeRTOS/Source/queue.o
                0x000000000800620e                xQueueReceiveFromISR
 .text.prvResetNextTaskUnblockTime
                0x000000000800629c       0x2c ./Middlewares/Third_Party/FreeRTOS/Source/tasks.o
 .text.prvInitialiseNewTask
                0x00000000080062c8       0x9c ./Middlewares/Third_Party/FreeRTOS/Source/tasks.o
 .text.prvInitialiseTaskLists
                0x0000000008006364       0x68 ./Middlewares/Third_Party/FreeRTOS/Source/tasks.o
 .text.prvAddNewTaskToReadyList
                0x00000000080063cc       0xa0 ./Middlewares/Third_Party/FreeRTOS/Source/tasks.o
 .text.prvDeleteTCB
                0x000000000800646c       0x2c ./Middlewares/Third_Party/FreeRTOS/Source/tasks.o
 .text.prvCheckTasksWaitingTermination
                0x0000000008006498       0x44 ./Middlewares/Third_Party/FreeRTOS/Source/tasks.o
 .text.prvIdleTask
                0x00000000080064dc       0x18 ./Middlewares/Third_Party/FreeRTOS/Source/tasks.o
 .text.prvAddCurrentTaskToDelayedList
                0x00000000080064f4       0x7c ./Middlewares/Third_Party/FreeRTOS/Source/tasks.o
 .text.xTaskCreateStatic
                0x0000000008006570       0x4e ./Middlewares/Third_Party/FreeRTOS/Source/tasks.o
                0x0000000008006570                xTaskCreateStatic
 .text.xTaskCreate
                0x00000000080065be       0x64 ./Middlewares/Third_Party/FreeRTOS/Source/tasks.o
                0x00000000080065be                xTaskCreate
 *fill*         0x0000000008006622        0x2 
 .text.vTaskStartScheduler
                0x0000000008006624       0x60 ./Middlewares/Third_Party/FreeRTOS/Source/tasks.o
                0x0000000008006624                vTaskStartScheduler
 .text.vTaskSuspendAll
                0x0000000008006684       0x10 ./Middlewares/Third_Party/FreeRTOS/Source/tasks.o
                0x0000000008006684                vTaskSuspendAll
 .text.xTaskIncrementTick
                0x0000000008006694      0x114 ./Middlewares/Third_Party/FreeRTOS/Source/tasks.o
                0x0000000008006694                xTaskIncrementTick
 .text.xTaskResumeAll
                0x00000000080067a8       0xe8 ./Middlewares/Third_Party/FreeRTOS/Source/tasks.o
                0x00000000080067a8                xTaskResumeAll
 .text.vTaskDelay
                0x0000000008006890       0x30 ./Middlewares/Third_Party/FreeRTOS/Source/tasks.o
                0x0000000008006890                vTaskDelay
 .text.vTaskSwitchContext
                0x00000000080068c0       0x88 ./Middlewares/Third_Party/FreeRTOS/Source/tasks.o
                0x00000000080068c0                vTaskSwitchContext
 .text.vTaskPlaceOnEventList
                0x0000000008006948       0x24 ./Middlewares/Third_Party/FreeRTOS/Source/tasks.o
                0x0000000008006948                vTaskPlaceOnEventList
 .text.xTaskRemoveFromEventList
                0x000000000800696c       0x84 ./Middlewares/Third_Party/FreeRTOS/Source/tasks.o
                0x000000000800696c                xTaskRemoveFromEventList
 .text.vTaskInternalSetTimeOutState
                0x00000000080069f0       0x18 ./Middlewares/Third_Party/FreeRTOS/Source/tasks.o
                0x00000000080069f0                vTaskInternalSetTimeOutState
 .text.xTaskCheckForTimeOut
                0x0000000008006a08       0x68 ./Middlewares/Third_Party/FreeRTOS/Source/tasks.o
                0x0000000008006a08                xTaskCheckForTimeOut
 .text.vTaskMissedYield
                0x0000000008006a70        0xc ./Middlewares/Third_Party/FreeRTOS/Source/tasks.o
                0x0000000008006a70                vTaskMissedYield
 .text.xTaskGetSchedulerState
                0x0000000008006a7c       0x24 ./Middlewares/Third_Party/FreeRTOS/Source/tasks.o
                0x0000000008006a7c                xTaskGetSchedulerState
 .text.xTaskPriorityDisinherit
                0x0000000008006aa0       0x78 ./Middlewares/Third_Party/FreeRTOS/Source/tasks.o
                0x0000000008006aa0                xTaskPriorityDisinherit
 .text.xTaskNotifyWait
                0x0000000008006b18       0x84 ./Middlewares/Third_Party/FreeRTOS/Source/tasks.o
                0x0000000008006b18                xTaskNotifyWait
 .text.xTaskGenericNotify
                0x0000000008006b9c       0xcc ./Middlewares/Third_Party/FreeRTOS/Source/tasks.o
                0x0000000008006b9c                xTaskGenericNotify
 .text.xTaskGenericNotifyFromISR
                0x0000000008006c68      0x104 ./Middlewares/Third_Party/FreeRTOS/Source/tasks.o
                0x0000000008006c68                xTaskGenericNotifyFromISR
 .text.prvTaskExitError
                0x0000000008006d6c       0x24 ./Middlewares/Third_Party/FreeRTOS/Source/portable/GCC/ARM_CM0/port.o
 .text.vPortStartFirstTask
                0x0000000008006d90       0x34 ./Middlewares/Third_Party/FreeRTOS/Source/portable/GCC/ARM_CM0/port.o
 .text.prvSetupTimerInterrupt
                0x0000000008006dc4       0x34 ./Middlewares/Third_Party/FreeRTOS/Source/portable/GCC/ARM_CM0/port.o
 .text.pxPortInitialiseStack
                0x0000000008006df8       0x20 ./Middlewares/Third_Party/FreeRTOS/Source/portable/GCC/ARM_CM0/port.o
                0x0000000008006df8                pxPortInitialiseStack
 .text.SVC_Handler
                0x0000000008006e18        0x2 ./Middlewares/Third_Party/FreeRTOS/Source/portable/GCC/ARM_CM0/port.o
                0x0000000008006e18                SVC_Handler
 *fill*         0x0000000008006e1a        0x2 
 .text.xPortStartScheduler
                0x0000000008006e1c       0x3c ./Middlewares/Third_Party/FreeRTOS/Source/portable/GCC/ARM_CM0/port.o
                0x0000000008006e1c                xPortStartScheduler
 .text.vPortYield
                0x0000000008006e58       0x18 ./Middlewares/Third_Party/FreeRTOS/Source/portable/GCC/ARM_CM0/port.o
                0x0000000008006e58                vPortYield
 .text.vPortEnterCritical
                0x0000000008006e70       0x18 ./Middlewares/Third_Party/FreeRTOS/Source/portable/GCC/ARM_CM0/port.o
                0x0000000008006e70                vPortEnterCritical
 .text.vPortExitCritical
                0x0000000008006e88       0x20 ./Middlewares/Third_Party/FreeRTOS/Source/portable/GCC/ARM_CM0/port.o
                0x0000000008006e88                vPortExitCritical
 .text.ulSetInterruptMaskFromISR
                0x0000000008006ea8        0x8 ./Middlewares/Third_Party/FreeRTOS/Source/portable/GCC/ARM_CM0/port.o
                0x0000000008006ea8                ulSetInterruptMaskFromISR
 .text.vClearInterruptMaskFromISR
                0x0000000008006eb0        0x6 ./Middlewares/Third_Party/FreeRTOS/Source/portable/GCC/ARM_CM0/port.o
                0x0000000008006eb0                vClearInterruptMaskFromISR
 *fill*         0x0000000008006eb6        0xa 
 .text.PendSV_Handler
                0x0000000008006ec0       0x44 ./Middlewares/Third_Party/FreeRTOS/Source/portable/GCC/ARM_CM0/port.o
                0x0000000008006ec0                PendSV_Handler
 .text.SysTick_Handler
                0x0000000008006f04       0x24 ./Middlewares/Third_Party/FreeRTOS/Source/portable/GCC/ARM_CM0/port.o
                0x0000000008006f04                SysTick_Handler
 .text.prvHeapInit
                0x0000000008006f28       0x64 ./Middlewares/Third_Party/FreeRTOS/Source/portable/MemMang/heap_4.o
 .text.prvInsertBlockIntoFreeList
                0x0000000008006f8c       0x54 ./Middlewares/Third_Party/FreeRTOS/Source/portable/MemMang/heap_4.o
 .text.pvPortMalloc
                0x0000000008006fe0       0xd0 ./Middlewares/Third_Party/FreeRTOS/Source/portable/MemMang/heap_4.o
                0x0000000008006fe0                pvPortMalloc
 .text.vPortFree
                0x00000000080070b0       0x54 ./Middlewares/Third_Party/FreeRTOS/Source/portable/MemMang/heap_4.o
                0x00000000080070b0                vPortFree
 .text.SCP_Tick
                0x0000000008007104       0x2c ./Src/StringCommandParser.o
                0x0000000008007104                SCP_Tick
 .text.SCP_UpCase
                0x0000000008007130       0x12 ./Src/StringCommandParser.o
                0x0000000008007130                SCP_UpCase
 *fill*         0x0000000008007142        0x2 
 .text.SCP_Init
                0x0000000008007144       0x3c ./Src/StringCommandParser.o
                0x0000000008007144                SCP_Init
 .text.SCP_CheckCommand
                0x0000000008007180       0x5c ./Src/StringCommandParser.o
                0x0000000008007180                SCP_CheckCommand
 .text.SCP_Process
                0x00000000080071dc       0x40 ./Src/StringCommandParser.o
                0x00000000080071dc                SCP_Process
 .text.SCP_SendCommandWaitAnswer
                0x000000000800721c       0x88 ./Src/StringCommandParser.o
                0x000000000800721c                SCP_SendCommandWaitAnswer
 .text.SCP_InitRx
                0x00000000080072a4       0x1c ./Src/StringCommandParser.o
                0x00000000080072a4                SCP_InitRx
 .text.SCP_ByteReceived
                0x00000000080072c0       0x34 ./Src/StringCommandParser.o
                0x00000000080072c0                SCP_ByteReceived
 .text.SCP_WaitForAnswer
                0x00000000080072f4       0x34 ./Src/StringCommandParser.o
                0x00000000080072f4                SCP_WaitForAnswer
 .text.writeEEPROMData
                0x0000000008007328       0x5c ./Src/eeprom.o
                0x0000000008007328                writeEEPROMData
 .text.vApplicationGetIdleTaskMemory
                0x0000000008007384       0x18 ./Src/freertos.o
                0x0000000008007384                vApplicationGetIdleTaskMemory
 .text.ind_green
                0x000000000800739c       0x38 ./Src/indication_task.o
                0x000000000800739c                ind_green
 .text.ind_red  0x00000000080073d4       0x38 ./Src/indication_task.o
                0x00000000080073d4                ind_red
 .text.ind_off  0x000000000800740c       0x22 ./Src/indication_task.o
                0x000000000800740c                ind_off
 *fill*         0x000000000800742e        0x2 
 .text.IndicationTask
                0x0000000008007430       0x44 ./Src/indication_task.o
                0x0000000008007430                IndicationTask
 .text.delay_us
                0x0000000008007474       0x14 ./Src/led_control_task.o
                0x0000000008007474                delay_us
 .text.set_intensity
                0x0000000008007488       0xcc ./Src/led_control_task.o
                0x0000000008007488                set_intensity
 .text.LEDControlTask
                0x0000000008007554       0x28 ./Src/led_control_task.o
                0x0000000008007554                LEDControlTask
 .text.MX_CRC_Init
                0x000000000800757c       0x24 ./Src/main.o
 .text.MX_USART1_UART_Init
                0x00000000080075a0       0x30 ./Src/main.o
 .text.MX_TIM7_Init
                0x00000000080075d0       0x48 ./Src/main.o
 .text.MX_IWDG_Init
                0x0000000008007618       0x24 ./Src/main.o
 .text.MX_NVIC_Init
                0x000000000800763c       0x14 ./Src/main.o
 .text.StartDefaultTask
                0x0000000008007650        0xa ./Src/main.o
                0x0000000008007650                StartDefaultTask
 *fill*         0x000000000800765a        0x2 
 .text.SystemClock_Config
                0x000000000800765c       0x88 ./Src/main.o
                0x000000000800765c                SystemClock_Config
 .text.MX_ADC_Init
                0x00000000080076e4       0xb0 ./Src/main.o
                0x00000000080076e4                MX_ADC_Init
 .text.MX_TIM21_Init
                0x0000000008007794       0x60 ./Src/main.o
                0x0000000008007794                MX_TIM21_Init
 .text.MX_TIM22_Init
                0x00000000080077f4       0x64 ./Src/main.o
                0x00000000080077f4                MX_TIM22_Init
 .text.MX_DMA_Init
                0x0000000008007858       0x40 ./Src/main.o
                0x0000000008007858                MX_DMA_Init
 .text.MX_GPIO_Init
                0x0000000008007898       0xcc ./Src/main.o
                0x0000000008007898                MX_GPIO_Init
 .text.eeprom_ram_init
                0x0000000008007964       0x64 ./Src/main.o
                0x0000000008007964                eeprom_ram_init
 .text.main     0x00000000080079c8      0x140 ./Src/main.o
                0x00000000080079c8                main
 .text.eeprom_save
                0x0000000008007b08       0x28 ./Src/main.o
                0x0000000008007b08                eeprom_save
 .text.HAL_UART_RxCpltCallback
                0x0000000008007b30       0x20 ./Src/main.o
                0x0000000008007b30                HAL_UART_RxCpltCallback
 .text.HAL_TIM_PeriodElapsedCallback
                0x0000000008007b50       0x48 ./Src/main.o
                0x0000000008007b50                HAL_TIM_PeriodElapsedCallback
 .text.Error_Handler
                0x0000000008007b98        0x2 ./Src/main.o
                0x0000000008007b98                Error_Handler
 *fill*         0x0000000008007b9a        0x2 
 .text.charger_enable
                0x0000000008007b9c       0x14 ./Src/management_task.o
                0x0000000008007b9c                charger_enable
 .text.charger_disable
                0x0000000008007bb0       0x14 ./Src/management_task.o
                0x0000000008007bb0                charger_disable
 .text.charger_status
                0x0000000008007bc4       0x58 ./Src/management_task.o
                0x0000000008007bc4                charger_status
 .text.load_setup
                0x0000000008007c1c       0x70 ./Src/management_task.o
                0x0000000008007c1c                load_setup
 .text.ManagementTask
                0x0000000008007c8c      0x31c ./Src/management_task.o
                0x0000000008007c8c                ManagementTask
 .text.ContextDisconnect
                0x0000000008007fa8       0x24 ./Src/modem.o
 .text.GetIMEI  0x0000000008007fcc       0x84 ./Src/modem.o
 .text.GetID    0x0000000008008050       0x5c ./Src/modem.o
 .text.GetVersion
                0x00000000080080ac       0x58 ./Src/modem.o
 .text.ModemCloseTcpSocket
                0x0000000008008104       0x3c ./Src/modem.o
 .text.SetLED   0x0000000008008140       0x34 ./Src/modem.o
 .text.SocketSend
                0x0000000008008174       0x94 ./Src/modem.o
 .text.memmem   0x0000000008008208       0x4c ./Src/modem.o
                0x0000000008008208                memmem
 .text.SignalQuality
                0x0000000008008254       0x48 ./Src/modem.o
 .text.NetworkRegistrationCheck
                0x000000000800829c       0x48 ./Src/modem.o
 .text.WaitForNetwork
                0x00000000080082e4       0x58 ./Src/modem.o
 .text.GetOperator
                0x000000000800833c       0x7c ./Src/modem.o
 .text.ContextStatusCheck
                0x00000000080083b8       0x48 ./Src/modem.o
 .text.ContextConnect
                0x0000000008008400       0xe4 ./Src/modem.o
 .text.SocketReceive
                0x00000000080084e4       0xa8 ./Src/modem.o
 .text.TelitPortalAuthenticate
                0x000000000800858c      0x158 ./Src/modem.o
 .text.TelitPortalPostData
                0x00000000080086e4      0x234 ./Src/modem.o
 .text.ModemOpenTcpSocket
                0x0000000008008918       0x6c ./Src/modem.o
 .text.uart_send_buff
                0x0000000008008984       0x14 ./Src/modem.o
                0x0000000008008984                uart_send_buff
 .text.uart_read_byte
                0x0000000008008998       0x14 ./Src/modem.o
                0x0000000008008998                uart_read_byte
 .text.TelitCloudUpload
                0x00000000080089ac      0x374 ./Src/modem.o
                0x00000000080089ac                TelitCloudUpload
 .text.MonitorTask
                0x0000000008008d20      0x298 ./Src/monitor_task.o
                0x0000000008008d20                MonitorTask
 .text.HAL_MspInit
                0x0000000008008fb8       0x58 ./Src/stm32l0xx_hal_msp.o
                0x0000000008008fb8                HAL_MspInit
 .text.HAL_ADC_MspInit
                0x0000000008009010       0xa8 ./Src/stm32l0xx_hal_msp.o
                0x0000000008009010                HAL_ADC_MspInit
 .text.HAL_CRC_MspInit
                0x00000000080090b8       0x2c ./Src/stm32l0xx_hal_msp.o
                0x00000000080090b8                HAL_CRC_MspInit
 .text.HAL_TIM_Base_MspInit
                0x00000000080090e4       0x5c ./Src/stm32l0xx_hal_msp.o
                0x00000000080090e4                HAL_TIM_Base_MspInit
 .text.HAL_UART_MspInit
                0x0000000008009140       0xe8 ./Src/stm32l0xx_hal_msp.o
                0x0000000008009140                HAL_UART_MspInit
 .text.HAL_InitTick
                0x0000000008009228       0x6c ./Src/stm32l0xx_hal_timebase_tim.o
                0x0000000008009228                HAL_InitTick
 .text.NMI_Handler
                0x0000000008009294        0x2 ./Src/stm32l0xx_it.o
                0x0000000008009294                NMI_Handler
 .text.HardFault_Handler
                0x0000000008009296        0x2 ./Src/stm32l0xx_it.o
                0x0000000008009296                HardFault_Handler
 .text.RCC_CRS_IRQHandler
                0x0000000008009298        0x2 ./Src/stm32l0xx_it.o
                0x0000000008009298                RCC_CRS_IRQHandler
 *fill*         0x000000000800929a        0x2 
 .text.DMA1_Channel1_IRQHandler
                0x000000000800929c       0x10 ./Src/stm32l0xx_it.o
                0x000000000800929c                DMA1_Channel1_IRQHandler
 .text.DMA1_Channel2_3_IRQHandler
                0x00000000080092ac       0x18 ./Src/stm32l0xx_it.o
                0x00000000080092ac                DMA1_Channel2_3_IRQHandler
 .text.ADC1_COMP_IRQHandler
                0x00000000080092c4       0x10 ./Src/stm32l0xx_it.o
                0x00000000080092c4                ADC1_COMP_IRQHandler
 .text.TIM2_IRQHandler
                0x00000000080092d4       0x10 ./Src/stm32l0xx_it.o
                0x00000000080092d4                TIM2_IRQHandler
 .text.TIM7_IRQHandler
                0x00000000080092e4       0x10 ./Src/stm32l0xx_it.o
                0x00000000080092e4                TIM7_IRQHandler
 .text.TIM21_IRQHandler
                0x00000000080092f4       0x10 ./Src/stm32l0xx_it.o
                0x00000000080092f4                TIM21_IRQHandler
 .text.USART1_IRQHandler
                0x0000000008009304       0x10 ./Src/stm32l0xx_it.o
                0x0000000008009304                USART1_IRQHandler
 .text._getpid  0x0000000008009314        0x4 ./Src/syscalls.o
                0x0000000008009314                _getpid
 .text._kill    0x0000000008009318       0x10 ./Src/syscalls.o
                0x0000000008009318                _kill
 .text._exit    0x0000000008009328        0xc ./Src/syscalls.o
                0x0000000008009328                _exit
 .text._read    0x0000000008009334       0x1c ./Src/syscalls.o
                0x0000000008009334                _read
 .text._write   0x0000000008009350       0x1c ./Src/syscalls.o
                0x0000000008009350                _write
 .text._close   0x000000000800936c        0x6 ./Src/syscalls.o
                0x000000000800936c                _close
 .text._fstat   0x0000000008009372        0xa ./Src/syscalls.o
                0x0000000008009372                _fstat
 .text._isatty  0x000000000800937c        0x4 ./Src/syscalls.o
                0x000000000800937c                _isatty
 .text._lseek   0x0000000008009380        0x4 ./Src/syscalls.o
                0x0000000008009380                _lseek
 .text._sbrk    0x0000000008009384       0x3c ./Src/sysmem.o
                0x0000000008009384                _sbrk
 .text.SystemInit
                0x00000000080093c0       0x5c ./Src/system_stm32l0xx.o
                0x00000000080093c0                SystemInit
 .text.Reset_Handler
                0x000000000800941c       0x50 ./Startup/startup_stm32l072kztx.o
                0x000000000800941c                Reset_Handler
 .text.Default_Handler
                0x000000000800946c        0x2 ./Startup/startup_stm32l072kztx.o
                0x000000000800946c                TSC_IRQHandler
                0x000000000800946c                PVD_IRQHandler
                0x000000000800946c                I2C1_IRQHandler
                0x000000000800946c                SPI1_IRQHandler
                0x000000000800946c                TIM6_DAC_IRQHandler
                0x000000000800946c                EXTI2_3_IRQHandler
                0x000000000800946c                I2C2_IRQHandler
                0x000000000800946c                RTC_IRQHandler
                0x000000000800946c                DMA1_Channel4_5_6_7_IRQHandler
                0x000000000800946c                TIM3_IRQHandler
                0x000000000800946c                EXTI4_15_IRQHandler
                0x000000000800946c                USART4_5_IRQHandler
                0x000000000800946c                Default_Handler
                0x000000000800946c                TIM22_IRQHandler
                0x000000000800946c                EXTI0_1_IRQHandler
                0x000000000800946c                USB_IRQHandler
                0x000000000800946c                I2C3_IRQHandler
                0x000000000800946c                SPI2_IRQHandler
                0x000000000800946c                WWDG_IRQHandler
                0x000000000800946c                USART2_IRQHandler
                0x000000000800946c                FLASH_IRQHandler
                0x000000000800946c                RNG_LPUART1_IRQHandler
                0x000000000800946c                LPTIM1_IRQHandler
 .text.atoi     0x000000000800946e        0xc c:/st/stm32cubeide_1.7.0/stm32cubeide/plugins/com.st.stm32cube.ide.mcu.externaltools.gnu-tools-for-stm32.9-2020-q2-update.win32_2.0.0.202105311346/tools/bin/../lib/gcc/arm-none-eabi/9.3.1/../../../../arm-none-eabi/lib/thumb/v6-m/nofp\libc.a(lib_a-atoi.o)
                0x000000000800946e                atoi
 *fill*         0x000000000800947a        0x2 
 .text.__errno  0x000000000800947c        0xc c:/st/stm32cubeide_1.7.0/stm32cubeide/plugins/com.st.stm32cube.ide.mcu.externaltools.gnu-tools-for-stm32.9-2020-q2-update.win32_2.0.0.202105311346/tools/bin/../lib/gcc/arm-none-eabi/9.3.1/../../../../arm-none-eabi/lib/thumb/v6-m/nofp\libc.a(lib_a-errno.o)
                0x000000000800947c                __errno
 .text.__libc_init_array
                0x0000000008009488       0x48 c:/st/stm32cubeide_1.7.0/stm32cubeide/plugins/com.st.stm32cube.ide.mcu.externaltools.gnu-tools-for-stm32.9-2020-q2-update.win32_2.0.0.202105311346/tools/bin/../lib/gcc/arm-none-eabi/9.3.1/../../../../arm-none-eabi/lib/thumb/v6-m/nofp\libc.a(lib_a-init.o)
                0x0000000008009488                __libc_init_array
 .text.memchr   0x00000000080094d0       0x16 c:/st/stm32cubeide_1.7.0/stm32cubeide/plugins/com.st.stm32cube.ide.mcu.externaltools.gnu-tools-for-stm32.9-2020-q2-update.win32_2.0.0.202105311346/tools/bin/../lib/gcc/arm-none-eabi/9.3.1/../../../../arm-none-eabi/lib/thumb/v6-m/nofp\libc.a(lib_a-memchr-stub.o)
                0x00000000080094d0                memchr
 .text.memcmp   0x00000000080094e6       0x1c c:/st/stm32cubeide_1.7.0/stm32cubeide/plugins/com.st.stm32cube.ide.mcu.externaltools.gnu-tools-for-stm32.9-2020-q2-update.win32_2.0.0.202105311346/tools/bin/../lib/gcc/arm-none-eabi/9.3.1/../../../../arm-none-eabi/lib/thumb/v6-m/nofp\libc.a(lib_a-memcmp.o)
                0x00000000080094e6                memcmp
 .text.memcpy   0x0000000008009502       0x12 c:/st/stm32cubeide_1.7.0/stm32cubeide/plugins/com.st.stm32cube.ide.mcu.externaltools.gnu-tools-for-stm32.9-2020-q2-update.win32_2.0.0.202105311346/tools/bin/../lib/gcc/arm-none-eabi/9.3.1/../../../../arm-none-eabi/lib/thumb/v6-m/nofp\libc.a(lib_a-memcpy-stub.o)
                0x0000000008009502                memcpy
 .text.memset   0x0000000008009514       0x10 c:/st/stm32cubeide_1.7.0/stm32cubeide/plugins/com.st.stm32cube.ide.mcu.externaltools.gnu-tools-for-stm32.9-2020-q2-update.win32_2.0.0.202105311346/tools/bin/../lib/gcc/arm-none-eabi/9.3.1/../../../../arm-none-eabi/lib/thumb/v6-m/nofp\libc.a(lib_a-memset.o)
                0x0000000008009514                memset
 .text.sprintf  0x0000000008009524       0x40 c:/st/stm32cubeide_1.7.0/stm32cubeide/plugins/com.st.stm32cube.ide.mcu.externaltools.gnu-tools-for-stm32.9-2020-q2-update.win32_2.0.0.202105311346/tools/bin/../lib/gcc/arm-none-eabi/9.3.1/../../../../arm-none-eabi/lib/thumb/v6-m/nofp\libc.a(lib_a-sprintf.o)
                0x0000000008009524                sprintf
 .text.strcat   0x0000000008009564       0x1a c:/st/stm32cubeide_1.7.0/stm32cubeide/plugins/com.st.stm32cube.ide.mcu.externaltools.gnu-tools-for-stm32.9-2020-q2-update.win32_2.0.0.202105311346/tools/bin/../lib/gcc/arm-none-eabi/9.3.1/../../../../arm-none-eabi/lib/thumb/v6-m/nofp\libc.a(lib_a-strcat.o)
                0x0000000008009564                strcat
 .text.strchr   0x000000000800957e       0x1c c:/st/stm32cubeide_1.7.0/stm32cubeide/plugins/com.st.stm32cube.ide.mcu.externaltools.gnu-tools-for-stm32.9-2020-q2-update.win32_2.0.0.202105311346/tools/bin/../lib/gcc/arm-none-eabi/9.3.1/../../../../arm-none-eabi/lib/thumb/v6-m/nofp\libc.a(lib_a-strchr.o)
                0x000000000800957e                strchr
 .text.strcpy   0x000000000800959a       0x10 c:/st/stm32cubeide_1.7.0/stm32cubeide/plugins/com.st.stm32cube.ide.mcu.externaltools.gnu-tools-for-stm32.9-2020-q2-update.win32_2.0.0.202105311346/tools/bin/../lib/gcc/arm-none-eabi/9.3.1/../../../../arm-none-eabi/lib/thumb/v6-m/nofp\libc.a(lib_a-strcpy.o)
                0x000000000800959a                strcpy
 .text.strstr   0x00000000080095aa       0x2c c:/st/stm32cubeide_1.7.0/stm32cubeide/plugins/com.st.stm32cube.ide.mcu.externaltools.gnu-tools-for-stm32.9-2020-q2-update.win32_2.0.0.202105311346/tools/bin/../lib/gcc/arm-none-eabi/9.3.1/../../../../arm-none-eabi/lib/thumb/v6-m/nofp\libc.a(lib_a-strstr.o)
                0x00000000080095aa                strstr
 *fill*         0x00000000080095d6        0x2 
 .text._strtol_l.isra.0
                0x00000000080095d8      0x11c c:/st/stm32cubeide_1.7.0/stm32cubeide/plugins/com.st.stm32cube.ide.mcu.externaltools.gnu-tools-for-stm32.9-2020-q2-update.win32_2.0.0.202105311346/tools/bin/../lib/gcc/arm-none-eabi/9.3.1/../../../../arm-none-eabi/lib/thumb/v6-m/nofp\libc.a(lib_a-strtol.o)
 .text.strtol   0x00000000080096f4       0x18 c:/st/stm32cubeide_1.7.0/stm32cubeide/plugins/com.st.stm32cube.ide.mcu.externaltools.gnu-tools-for-stm32.9-2020-q2-update.win32_2.0.0.202105311346/tools/bin/../lib/gcc/arm-none-eabi/9.3.1/../../../../arm-none-eabi/lib/thumb/v6-m/nofp\libc.a(lib_a-strtol.o)
                0x00000000080096f4                strtol
 .text._svfprintf_r
                0x000000000800970c     0x1508 c:/st/stm32cubeide_1.7.0/stm32cubeide/plugins/com.st.stm32cube.ide.mcu.externaltools.gnu-tools-for-stm32.9-2020-q2-update.win32_2.0.0.202105311346/tools/bin/../lib/gcc/arm-none-eabi/9.3.1/../../../../arm-none-eabi/lib/thumb/v6-m/nofp\libc.a(lib_a-svfprintf.o)
                0x000000000800970c                _svfprintf_r
 .text.startup.register_fini
                0x000000000800ac14       0x18 c:/st/stm32cubeide_1.7.0/stm32cubeide/plugins/com.st.stm32cube.ide.mcu.externaltools.gnu-tools-for-stm32.9-2020-q2-update.win32_2.0.0.202105311346/tools/bin/../lib/gcc/arm-none-eabi/9.3.1/../../../../arm-none-eabi/lib/thumb/v6-m/nofp\libc.a(lib_a-__call_atexit.o)
 .text.atexit   0x000000000800ac2c       0x10 c:/st/stm32cubeide_1.7.0/stm32cubeide/plugins/com.st.stm32cube.ide.mcu.externaltools.gnu-tools-for-stm32.9-2020-q2-update.win32_2.0.0.202105311346/tools/bin/../lib/gcc/arm-none-eabi/9.3.1/../../../../arm-none-eabi/lib/thumb/v6-m/nofp\libc.a(lib_a-atexit.o)
                0x000000000800ac2c                atexit
 .text.quorem   0x000000000800ac3c      0x116 c:/st/stm32cubeide_1.7.0/stm32cubeide/plugins/com.st.stm32cube.ide.mcu.externaltools.gnu-tools-for-stm32.9-2020-q2-update.win32_2.0.0.202105311346/tools/bin/../lib/gcc/arm-none-eabi/9.3.1/../../../../arm-none-eabi/lib/thumb/v6-m/nofp\libc.a(lib_a-dtoa.o)
 *fill*         0x000000000800ad52        0x2 
 .text._dtoa_r  0x000000000800ad54      0xbcc c:/st/stm32cubeide_1.7.0/stm32cubeide/plugins/com.st.stm32cube.ide.mcu.externaltools.gnu-tools-for-stm32.9-2020-q2-update.win32_2.0.0.202105311346/tools/bin/../lib/gcc/arm-none-eabi/9.3.1/../../../../arm-none-eabi/lib/thumb/v6-m/nofp\libc.a(lib_a-dtoa.o)
                0x000000000800ad54                _dtoa_r
 .text.__libc_fini_array
                0x000000000800b920       0x28 c:/st/stm32cubeide_1.7.0/stm32cubeide/plugins/com.st.stm32cube.ide.mcu.externaltools.gnu-tools-for-stm32.9-2020-q2-update.win32_2.0.0.202105311346/tools/bin/../lib/gcc/arm-none-eabi/9.3.1/../../../../arm-none-eabi/lib/thumb/v6-m/nofp\libc.a(lib_a-fini.o)
                0x000000000800b920                __libc_fini_array
 .text._malloc_trim_r
                0x000000000800b948       0xa8 c:/st/stm32cubeide_1.7.0/stm32cubeide/plugins/com.st.stm32cube.ide.mcu.externaltools.gnu-tools-for-stm32.9-2020-q2-update.win32_2.0.0.202105311346/tools/bin/../lib/gcc/arm-none-eabi/9.3.1/../../../../arm-none-eabi/lib/thumb/v6-m/nofp\libc.a(lib_a-freer.o)
                0x000000000800b948                _malloc_trim_r
 .text._free_r  0x000000000800b9f0      0x164 c:/st/stm32cubeide_1.7.0/stm32cubeide/plugins/com.st.stm32cube.ide.mcu.externaltools.gnu-tools-for-stm32.9-2020-q2-update.win32_2.0.0.202105311346/tools/bin/../lib/gcc/arm-none-eabi/9.3.1/../../../../arm-none-eabi/lib/thumb/v6-m/nofp\libc.a(lib_a-freer.o)
                0x000000000800b9f0                _free_r
 .text._localeconv_r
                0x000000000800bb54        0x8 c:/st/stm32cubeide_1.7.0/stm32cubeide/plugins/com.st.stm32cube.ide.mcu.externaltools.gnu-tools-for-stm32.9-2020-q2-update.win32_2.0.0.202105311346/tools/bin/../lib/gcc/arm-none-eabi/9.3.1/../../../../arm-none-eabi/lib/thumb/v6-m/nofp\libc.a(lib_a-localeconv.o)
                0x000000000800bb54                _localeconv_r
 .text.__retarget_lock_init_recursive
                0x000000000800bb5c        0x2 c:/st/stm32cubeide_1.7.0/stm32cubeide/plugins/com.st.stm32cube.ide.mcu.externaltools.gnu-tools-for-stm32.9-2020-q2-update.win32_2.0.0.202105311346/tools/bin/../lib/gcc/arm-none-eabi/9.3.1/../../../../arm-none-eabi/lib/thumb/v6-m/nofp\libc.a(lib_a-lock.o)
                0x000000000800bb5c                __retarget_lock_init_recursive
 .text.__retarget_lock_close_recursive
                0x000000000800bb5e        0x2 c:/st/stm32cubeide_1.7.0/stm32cubeide/plugins/com.st.stm32cube.ide.mcu.externaltools.gnu-tools-for-stm32.9-2020-q2-update.win32_2.0.0.202105311346/tools/bin/../lib/gcc/arm-none-eabi/9.3.1/../../../../arm-none-eabi/lib/thumb/v6-m/nofp\libc.a(lib_a-lock.o)
                0x000000000800bb5e                __retarget_lock_close_recursive
 .text.__retarget_lock_acquire_recursive
                0x000000000800bb60        0x2 c:/st/stm32cubeide_1.7.0/stm32cubeide/plugins/com.st.stm32cube.ide.mcu.externaltools.gnu-tools-for-stm32.9-2020-q2-update.win32_2.0.0.202105311346/tools/bin/../lib/gcc/arm-none-eabi/9.3.1/../../../../arm-none-eabi/lib/thumb/v6-m/nofp\libc.a(lib_a-lock.o)
                0x000000000800bb60                __retarget_lock_acquire_recursive
 .text.__retarget_lock_release_recursive
                0x000000000800bb62        0x2 c:/st/stm32cubeide_1.7.0/stm32cubeide/plugins/com.st.stm32cube.ide.mcu.externaltools.gnu-tools-for-stm32.9-2020-q2-update.win32_2.0.0.202105311346/tools/bin/../lib/gcc/arm-none-eabi/9.3.1/../../../../arm-none-eabi/lib/thumb/v6-m/nofp\libc.a(lib_a-lock.o)
                0x000000000800bb62                __retarget_lock_release_recursive
 .text._malloc_r
                0x000000000800bb64      0x428 c:/st/stm32cubeide_1.7.0/stm32cubeide/plugins/com.st.stm32cube.ide.mcu.externaltools.gnu-tools-for-stm32.9-2020-q2-update.win32_2.0.0.202105311346/tools/bin/../lib/gcc/arm-none-eabi/9.3.1/../../../../arm-none-eabi/lib/thumb/v6-m/nofp\libc.a(lib_a-mallocr.o)
                0x000000000800bb64                _malloc_r
 .text.__malloc_lock
                0x000000000800bf8c       0x10 c:/st/stm32cubeide_1.7.0/stm32cubeide/plugins/com.st.stm32cube.ide.mcu.externaltools.gnu-tools-for-stm32.9-2020-q2-update.win32_2.0.0.202105311346/tools/bin/../lib/gcc/arm-none-eabi/9.3.1/../../../../arm-none-eabi/lib/thumb/v6-m/nofp\libc.a(lib_a-mlock.o)
                0x000000000800bf8c                __malloc_lock
 .text.__malloc_unlock
                0x000000000800bf9c       0x10 c:/st/stm32cubeide_1.7.0/stm32cubeide/plugins/com.st.stm32cube.ide.mcu.externaltools.gnu-tools-for-stm32.9-2020-q2-update.win32_2.0.0.202105311346/tools/bin/../lib/gcc/arm-none-eabi/9.3.1/../../../../arm-none-eabi/lib/thumb/v6-m/nofp\libc.a(lib_a-mlock.o)
                0x000000000800bf9c                __malloc_unlock
 .text._Balloc  0x000000000800bfac       0x50 c:/st/stm32cubeide_1.7.0/stm32cubeide/plugins/com.st.stm32cube.ide.mcu.externaltools.gnu-tools-for-stm32.9-2020-q2-update.win32_2.0.0.202105311346/tools/bin/../lib/gcc/arm-none-eabi/9.3.1/../../../../arm-none-eabi/lib/thumb/v6-m/nofp\libc.a(lib_a-mprec.o)
                0x000000000800bfac                _Balloc
 .text._Bfree   0x000000000800bffc       0x14 c:/st/stm32cubeide_1.7.0/stm32cubeide/plugins/com.st.stm32cube.ide.mcu.externaltools.gnu-tools-for-stm32.9-2020-q2-update.win32_2.0.0.202105311346/tools/bin/../lib/gcc/arm-none-eabi/9.3.1/../../../../arm-none-eabi/lib/thumb/v6-m/nofp\libc.a(lib_a-mprec.o)
                0x000000000800bffc                _Bfree
 .text.__multadd
                0x000000000800c010       0x88 c:/st/stm32cubeide_1.7.0/stm32cubeide/plugins/com.st.stm32cube.ide.mcu.externaltools.gnu-tools-for-stm32.9-2020-q2-update.win32_2.0.0.202105311346/tools/bin/../lib/gcc/arm-none-eabi/9.3.1/../../../../arm-none-eabi/lib/thumb/v6-m/nofp\libc.a(lib_a-mprec.o)
                0x000000000800c010                __multadd
 .text.__hi0bits
                0x000000000800c098       0x34 c:/st/stm32cubeide_1.7.0/stm32cubeide/plugins/com.st.stm32cube.ide.mcu.externaltools.gnu-tools-for-stm32.9-2020-q2-update.win32_2.0.0.202105311346/tools/bin/../lib/gcc/arm-none-eabi/9.3.1/../../../../arm-none-eabi/lib/thumb/v6-m/nofp\libc.a(lib_a-mprec.o)
                0x000000000800c098                __hi0bits
 .text.__lo0bits
                0x000000000800c0cc       0x5c c:/st/stm32cubeide_1.7.0/stm32cubeide/plugins/com.st.stm32cube.ide.mcu.externaltools.gnu-tools-for-stm32.9-2020-q2-update.win32_2.0.0.202105311346/tools/bin/../lib/gcc/arm-none-eabi/9.3.1/../../../../arm-none-eabi/lib/thumb/v6-m/nofp\libc.a(lib_a-mprec.o)
                0x000000000800c0cc                __lo0bits
 .text.__i2b    0x000000000800c128       0x2c c:/st/stm32cubeide_1.7.0/stm32cubeide/plugins/com.st.stm32cube.ide.mcu.externaltools.gnu-tools-for-stm32.9-2020-q2-update.win32_2.0.0.202105311346/tools/bin/../lib/gcc/arm-none-eabi/9.3.1/../../../../arm-none-eabi/lib/thumb/v6-m/nofp\libc.a(lib_a-mprec.o)
                0x000000000800c128                __i2b
 .text.__multiply
                0x000000000800c154      0x160 c:/st/stm32cubeide_1.7.0/stm32cubeide/plugins/com.st.stm32cube.ide.mcu.externaltools.gnu-tools-for-stm32.9-2020-q2-update.win32_2.0.0.202105311346/tools/bin/../lib/gcc/arm-none-eabi/9.3.1/../../../../arm-none-eabi/lib/thumb/v6-m/nofp\libc.a(lib_a-mprec.o)
                0x000000000800c154                __multiply
 .text.__pow5mult
                0x000000000800c2b4       0x84 c:/st/stm32cubeide_1.7.0/stm32cubeide/plugins/com.st.stm32cube.ide.mcu.externaltools.gnu-tools-for-stm32.9-2020-q2-update.win32_2.0.0.202105311346/tools/bin/../lib/gcc/arm-none-eabi/9.3.1/../../../../arm-none-eabi/lib/thumb/v6-m/nofp\libc.a(lib_a-mprec.o)
                0x000000000800c2b4                __pow5mult
 .text.__lshift
                0x000000000800c338       0xe0 c:/st/stm32cubeide_1.7.0/stm32cubeide/plugins/com.st.stm32cube.ide.mcu.externaltools.gnu-tools-for-stm32.9-2020-q2-update.win32_2.0.0.202105311346/tools/bin/../lib/gcc/arm-none-eabi/9.3.1/../../../../arm-none-eabi/lib/thumb/v6-m/nofp\libc.a(lib_a-mprec.o)
                0x000000000800c338                __lshift
 .text.__mcmp   0x000000000800c418       0x36 c:/st/stm32cubeide_1.7.0/stm32cubeide/plugins/com.st.stm32cube.ide.mcu.externaltools.gnu-tools-for-stm32.9-2020-q2-update.win32_2.0.0.202105311346/tools/bin/../lib/gcc/arm-none-eabi/9.3.1/../../../../arm-none-eabi/lib/thumb/v6-m/nofp\libc.a(lib_a-mprec.o)
                0x000000000800c418                __mcmp
 *fill*         0x000000000800c44e        0x2 
 .text.__mdiff  0x000000000800c450      0x130 c:/st/stm32cubeide_1.7.0/stm32cubeide/plugins/com.st.stm32cube.ide.mcu.externaltools.gnu-tools-for-stm32.9-2020-q2-update.win32_2.0.0.202105311346/tools/bin/../lib/gcc/arm-none-eabi/9.3.1/../../../../arm-none-eabi/lib/thumb/v6-m/nofp\libc.a(lib_a-mprec.o)
                0x000000000800c450                __mdiff
 .text.__d2b    0x000000000800c580       0xc8 c:/st/stm32cubeide_1.7.0/stm32cubeide/plugins/com.st.stm32cube.ide.mcu.externaltools.gnu-tools-for-stm32.9-2020-q2-update.win32_2.0.0.202105311346/tools/bin/../lib/gcc/arm-none-eabi/9.3.1/../../../../arm-none-eabi/lib/thumb/v6-m/nofp\libc.a(lib_a-mprec.o)
                0x000000000800c580                __d2b
 .text.frexp    0x000000000800c648       0x64 c:/st/stm32cubeide_1.7.0/stm32cubeide/plugins/com.st.stm32cube.ide.mcu.externaltools.gnu-tools-for-stm32.9-2020-q2-update.win32_2.0.0.202105311346/tools/bin/../lib/gcc/arm-none-eabi/9.3.1/../../../../arm-none-eabi/lib/thumb/v6-m/nofp\libc.a(lib_a-s_frexp.o)
                0x000000000800c648                frexp
 .text._sbrk_r  0x000000000800c6ac       0x24 c:/st/stm32cubeide_1.7.0/stm32cubeide/plugins/com.st.stm32cube.ide.mcu.externaltools.gnu-tools-for-stm32.9-2020-q2-update.win32_2.0.0.202105311346/tools/bin/../lib/gcc/arm-none-eabi/9.3.1/../../../../arm-none-eabi/lib/thumb/v6-m/nofp\libc.a(lib_a-sbrkr.o)
                0x000000000800c6ac                _sbrk_r
 .text.strncpy  0x000000000800c6d0       0x28 c:/st/stm32cubeide_1.7.0/stm32cubeide/plugins/com.st.stm32cube.ide.mcu.externaltools.gnu-tools-for-stm32.9-2020-q2-update.win32_2.0.0.202105311346/tools/bin/../lib/gcc/arm-none-eabi/9.3.1/../../../../arm-none-eabi/lib/thumb/v6-m/nofp\libc.a(lib_a-strncpy.o)
                0x000000000800c6d0                strncpy
 .text.__ssprint_r
                0x000000000800c6f8      0x100 c:/st/stm32cubeide_1.7.0/stm32cubeide/plugins/com.st.stm32cube.ide.mcu.externaltools.gnu-tools-for-stm32.9-2020-q2-update.win32_2.0.0.202105311346/tools/bin/../lib/gcc/arm-none-eabi/9.3.1/../../../../arm-none-eabi/lib/thumb/v6-m/nofp\libc.a(lib_a-svfiprintf.o)
                0x000000000800c6f8                __ssprint_r
 .text.sysconf  0x000000000800c7f8       0x18 c:/st/stm32cubeide_1.7.0/stm32cubeide/plugins/com.st.stm32cube.ide.mcu.externaltools.gnu-tools-for-stm32.9-2020-q2-update.win32_2.0.0.202105311346/tools/bin/../lib/gcc/arm-none-eabi/9.3.1/../../../../arm-none-eabi/lib/thumb/v6-m/nofp\libc.a(lib_a-sysconf.o)
                0x000000000800c7f8                sysconf
 .text.__register_exitproc
                0x000000000800c810       0x84 c:/st/stm32cubeide_1.7.0/stm32cubeide/plugins/com.st.stm32cube.ide.mcu.externaltools.gnu-tools-for-stm32.9-2020-q2-update.win32_2.0.0.202105311346/tools/bin/../lib/gcc/arm-none-eabi/9.3.1/../../../../arm-none-eabi/lib/thumb/v6-m/nofp\libc.a(lib_a-__atexit.o)
                0x000000000800c810                __register_exitproc
 .text.__assert_func
                0x000000000800c894       0x3c c:/st/stm32cubeide_1.7.0/stm32cubeide/plugins/com.st.stm32cube.ide.mcu.externaltools.gnu-tools-for-stm32.9-2020-q2-update.win32_2.0.0.202105311346/tools/bin/../lib/gcc/arm-none-eabi/9.3.1/../../../../arm-none-eabi/lib/thumb/v6-m/nofp\libc.a(lib_a-assert.o)
                0x000000000800c894                __assert_func
 .text._calloc_r
                0x000000000800c8d0       0x58 c:/st/stm32cubeide_1.7.0/stm32cubeide/plugins/com.st.stm32cube.ide.mcu.externaltools.gnu-tools-for-stm32.9-2020-q2-update.win32_2.0.0.202105311346/tools/bin/../lib/gcc/arm-none-eabi/9.3.1/../../../../arm-none-eabi/lib/thumb/v6-m/nofp\libc.a(lib_a-callocr.o)
                0x000000000800c8d0                _calloc_r
 .text.fiprintf
                0x000000000800c928       0x20 c:/st/stm32cubeide_1.7.0/stm32cubeide/plugins/com.st.stm32cube.ide.mcu.externaltools.gnu-tools-for-stm32.9-2020-q2-update.win32_2.0.0.202105311346/tools/bin/../lib/gcc/arm-none-eabi/9.3.1/../../../../arm-none-eabi/lib/thumb/v6-m/nofp\libc.a(lib_a-fiprintf.o)
                0x000000000800c928                fiprintf
 .text.__locale_mb_cur_max
                0x000000000800c948       0x10 c:/st/stm32cubeide_1.7.0/stm32cubeide/plugins/com.st.stm32cube.ide.mcu.externaltools.gnu-tools-for-stm32.9-2020-q2-update.win32_2.0.0.202105311346/tools/bin/../lib/gcc/arm-none-eabi/9.3.1/../../../../arm-none-eabi/lib/thumb/v6-m/nofp\libc.a(lib_a-locale.o)
                0x000000000800c948                __locale_mb_cur_max
 .text.__ascii_mbtowc
                0x000000000800c958       0x24 c:/st/stm32cubeide_1.7.0/stm32cubeide/plugins/com.st.stm32cube.ide.mcu.externaltools.gnu-tools-for-stm32.9-2020-q2-update.win32_2.0.0.202105311346/tools/bin/../lib/gcc/arm-none-eabi/9.3.1/../../../../arm-none-eabi/lib/thumb/v6-m/nofp\libc.a(lib_a-mbtowc_r.o)
                0x000000000800c958                __ascii_mbtowc
 .text.memmove  0x000000000800c97c       0x26 c:/st/stm32cubeide_1.7.0/stm32cubeide/plugins/com.st.stm32cube.ide.mcu.externaltools.gnu-tools-for-stm32.9-2020-q2-update.win32_2.0.0.202105311346/tools/bin/../lib/gcc/arm-none-eabi/9.3.1/../../../../arm-none-eabi/lib/thumb/v6-m/nofp\libc.a(lib_a-memmove.o)
                0x000000000800c97c                memmove
 *fill*         0x000000000800c9a2        0x2 
 .text._realloc_r
                0x000000000800c9a4      0x34c c:/st/stm32cubeide_1.7.0/stm32cubeide/plugins/com.st.stm32cube.ide.mcu.externaltools.gnu-tools-for-stm32.9-2020-q2-update.win32_2.0.0.202105311346/tools/bin/../lib/gcc/arm-none-eabi/9.3.1/../../../../arm-none-eabi/lib/thumb/v6-m/nofp\libc.a(lib_a-reallocr.o)
                0x000000000800c9a4                _realloc_r
 .text.__sprint_r
                0x000000000800ccf0       0x68 c:/st/stm32cubeide_1.7.0/stm32cubeide/plugins/com.st.stm32cube.ide.mcu.externaltools.gnu-tools-for-stm32.9-2020-q2-update.win32_2.0.0.202105311346/tools/bin/../lib/gcc/arm-none-eabi/9.3.1/../../../../arm-none-eabi/lib/thumb/v6-m/nofp\libc.a(lib_a-vfiprintf.o)
                0x000000000800ccf0                __sprint_r
 .text._vfiprintf_r
                0x000000000800cd58      0x9fc c:/st/stm32cubeide_1.7.0/stm32cubeide/plugins/com.st.stm32cube.ide.mcu.externaltools.gnu-tools-for-stm32.9-2020-q2-update.win32_2.0.0.202105311346/tools/bin/../lib/gcc/arm-none-eabi/9.3.1/../../../../arm-none-eabi/lib/thumb/v6-m/nofp\libc.a(lib_a-vfiprintf.o)
                0x000000000800cd58                _vfiprintf_r
 .text.__sbprintf
                0x000000000800d754       0x88 c:/st/stm32cubeide_1.7.0/stm32cubeide/plugins/com.st.stm32cube.ide.mcu.externaltools.gnu-tools-for-stm32.9-2020-q2-update.win32_2.0.0.202105311346/tools/bin/../lib/gcc/arm-none-eabi/9.3.1/../../../../arm-none-eabi/lib/thumb/v6-m/nofp\libc.a(lib_a-vfiprintf.o)
 .text.__ascii_wctomb
                0x000000000800d7dc       0x1a c:/st/stm32cubeide_1.7.0/stm32cubeide/plugins/com.st.stm32cube.ide.mcu.externaltools.gnu-tools-for-stm32.9-2020-q2-update.win32_2.0.0.202105311346/tools/bin/../lib/gcc/arm-none-eabi/9.3.1/../../../../arm-none-eabi/lib/thumb/v6-m/nofp\libc.a(lib_a-wctomb_r.o)
                0x000000000800d7dc                __ascii_wctomb
 *fill*         0x000000000800d7f6        0x2 
 .text.__swsetup_r
                0x000000000800d7f8       0xc8 c:/st/stm32cubeide_1.7.0/stm32cubeide/plugins/com.st.stm32cube.ide.mcu.externaltools.gnu-tools-for-stm32.9-2020-q2-update.win32_2.0.0.202105311346/tools/bin/../lib/gcc/arm-none-eabi/9.3.1/../../../../arm-none-eabi/lib/thumb/v6-m/nofp\libc.a(lib_a-wsetup.o)
                0x000000000800d7f8                __swsetup_r
 .text.abort    0x000000000800d8c0        0xe c:/st/stm32cubeide_1.7.0/stm32cubeide/plugins/com.st.stm32cube.ide.mcu.externaltools.gnu-tools-for-stm32.9-2020-q2-update.win32_2.0.0.202105311346/tools/bin/../lib/gcc/arm-none-eabi/9.3.1/../../../../arm-none-eabi/lib/thumb/v6-m/nofp\libc.a(lib_a-abort.o)
                0x000000000800d8c0                abort
 *fill*         0x000000000800d8ce        0x2 
 .text.__sflush_r
                0x000000000800d8d0      0x130 c:/st/stm32cubeide_1.7.0/stm32cubeide/plugins/com.st.stm32cube.ide.mcu.externaltools.gnu-tools-for-stm32.9-2020-q2-update.win32_2.0.0.202105311346/tools/bin/../lib/gcc/arm-none-eabi/9.3.1/../../../../arm-none-eabi/lib/thumb/v6-m/nofp\libc.a(lib_a-fflush.o)
                0x000000000800d8d0                __sflush_r
 .text._fflush_r
                0x000000000800da00       0x4c c:/st/stm32cubeide_1.7.0/stm32cubeide/plugins/com.st.stm32cube.ide.mcu.externaltools.gnu-tools-for-stm32.9-2020-q2-update.win32_2.0.0.202105311346/tools/bin/../lib/gcc/arm-none-eabi/9.3.1/../../../../arm-none-eabi/lib/thumb/v6-m/nofp\libc.a(lib_a-fflush.o)
                0x000000000800da00                _fflush_r
 .text.std      0x000000000800da4c       0x50 c:/st/stm32cubeide_1.7.0/stm32cubeide/plugins/com.st.stm32cube.ide.mcu.externaltools.gnu-tools-for-stm32.9-2020-q2-update.win32_2.0.0.202105311346/tools/bin/../lib/gcc/arm-none-eabi/9.3.1/../../../../arm-none-eabi/lib/thumb/v6-m/nofp\libc.a(lib_a-findfp.o)
 .text._cleanup_r
                0x000000000800da9c       0x10 c:/st/stm32cubeide_1.7.0/stm32cubeide/plugins/com.st.stm32cube.ide.mcu.externaltools.gnu-tools-for-stm32.9-2020-q2-update.win32_2.0.0.202105311346/tools/bin/../lib/gcc/arm-none-eabi/9.3.1/../../../../arm-none-eabi/lib/thumb/v6-m/nofp\libc.a(lib_a-findfp.o)
                0x000000000800da9c                _cleanup_r
 .text.__sfp_lock_acquire
                0x000000000800daac       0x10 c:/st/stm32cubeide_1.7.0/stm32cubeide/plugins/com.st.stm32cube.ide.mcu.externaltools.gnu-tools-for-stm32.9-2020-q2-update.win32_2.0.0.202105311346/tools/bin/../lib/gcc/arm-none-eabi/9.3.1/../../../../arm-none-eabi/lib/thumb/v6-m/nofp\libc.a(lib_a-findfp.o)
                0x000000000800daac                __sfp_lock_acquire
 .text.__sfp_lock_release
                0x000000000800dabc       0x10 c:/st/stm32cubeide_1.7.0/stm32cubeide/plugins/com.st.stm32cube.ide.mcu.externaltools.gnu-tools-for-stm32.9-2020-q2-update.win32_2.0.0.202105311346/tools/bin/../lib/gcc/arm-none-eabi/9.3.1/../../../../arm-none-eabi/lib/thumb/v6-m/nofp\libc.a(lib_a-findfp.o)
                0x000000000800dabc                __sfp_lock_release
 .text.__sinit_lock_acquire
                0x000000000800dacc       0x10 c:/st/stm32cubeide_1.7.0/stm32cubeide/plugins/com.st.stm32cube.ide.mcu.externaltools.gnu-tools-for-stm32.9-2020-q2-update.win32_2.0.0.202105311346/tools/bin/../lib/gcc/arm-none-eabi/9.3.1/../../../../arm-none-eabi/lib/thumb/v6-m/nofp\libc.a(lib_a-findfp.o)
                0x000000000800dacc                __sinit_lock_acquire
 .text.__sinit_lock_release
                0x000000000800dadc       0x10 c:/st/stm32cubeide_1.7.0/stm32cubeide/plugins/com.st.stm32cube.ide.mcu.externaltools.gnu-tools-for-stm32.9-2020-q2-update.win32_2.0.0.202105311346/tools/bin/../lib/gcc/arm-none-eabi/9.3.1/../../../../arm-none-eabi/lib/thumb/v6-m/nofp\libc.a(lib_a-findfp.o)
                0x000000000800dadc                __sinit_lock_release
 .text.__sinit  0x000000000800daec       0x54 c:/st/stm32cubeide_1.7.0/stm32cubeide/plugins/com.st.stm32cube.ide.mcu.externaltools.gnu-tools-for-stm32.9-2020-q2-update.win32_2.0.0.202105311346/tools/bin/../lib/gcc/arm-none-eabi/9.3.1/../../../../arm-none-eabi/lib/thumb/v6-m/nofp\libc.a(lib_a-findfp.o)
                0x000000000800daec                __sinit
 .text.__fputwc
                0x000000000800db40       0x7c c:/st/stm32cubeide_1.7.0/stm32cubeide/plugins/com.st.stm32cube.ide.mcu.externaltools.gnu-tools-for-stm32.9-2020-q2-update.win32_2.0.0.202105311346/tools/bin/../lib/gcc/arm-none-eabi/9.3.1/../../../../arm-none-eabi/lib/thumb/v6-m/nofp\libc.a(lib_a-fputwc.o)
                0x000000000800db40                __fputwc
 .text._fputwc_r
                0x000000000800dbbc       0x52 c:/st/stm32cubeide_1.7.0/stm32cubeide/plugins/com.st.stm32cube.ide.mcu.externaltools.gnu-tools-for-stm32.9-2020-q2-update.win32_2.0.0.202105311346/tools/bin/../lib/gcc/arm-none-eabi/9.3.1/../../../../arm-none-eabi/lib/thumb/v6-m/nofp\libc.a(lib_a-fputwc.o)
                0x000000000800dbbc                _fputwc_r
 *fill*         0x000000000800dc0e        0x2 
 .text.__sfvwrite_r
                0x000000000800dc10      0x2cc c:/st/stm32cubeide_1.7.0/stm32cubeide/plugins/com.st.stm32cube.ide.mcu.externaltools.gnu-tools-for-stm32.9-2020-q2-update.win32_2.0.0.202105311346/tools/bin/../lib/gcc/arm-none-eabi/9.3.1/../../../../arm-none-eabi/lib/thumb/v6-m/nofp\libc.a(lib_a-fvwrite.o)
                0x000000000800dc10                __sfvwrite_r
 .text._fwalk_reent
                0x000000000800dedc       0x42 c:/st/stm32cubeide_1.7.0/stm32cubeide/plugins/com.st.stm32cube.ide.mcu.externaltools.gnu-tools-for-stm32.9-2020-q2-update.win32_2.0.0.202105311346/tools/bin/../lib/gcc/arm-none-eabi/9.3.1/../../../../arm-none-eabi/lib/thumb/v6-m/nofp\libc.a(lib_a-fwalk.o)
                0x000000000800dedc                _fwalk_reent
 *fill*         0x000000000800df1e        0x2 
 .text.__swhatbuf_r
                0x000000000800df20       0x60 c:/st/stm32cubeide_1.7.0/stm32cubeide/plugins/com.st.stm32cube.ide.mcu.externaltools.gnu-tools-for-stm32.9-2020-q2-update.win32_2.0.0.202105311346/tools/bin/../lib/gcc/arm-none-eabi/9.3.1/../../../../arm-none-eabi/lib/thumb/v6-m/nofp\libc.a(lib_a-makebuf.o)
                0x000000000800df20                __swhatbuf_r
 .text.__smakebuf_r
                0x000000000800df80       0x88 c:/st/stm32cubeide_1.7.0/stm32cubeide/plugins/com.st.stm32cube.ide.mcu.externaltools.gnu-tools-for-stm32.9-2020-q2-update.win32_2.0.0.202105311346/tools/bin/../lib/gcc/arm-none-eabi/9.3.1/../../../../arm-none-eabi/lib/thumb/v6-m/nofp\libc.a(lib_a-makebuf.o)
                0x000000000800df80                __smakebuf_r
 .text._raise_r
                0x000000000800e008       0x58 c:/st/stm32cubeide_1.7.0/stm32cubeide/plugins/com.st.stm32cube.ide.mcu.externaltools.gnu-tools-for-stm32.9-2020-q2-update.win32_2.0.0.202105311346/tools/bin/../lib/gcc/arm-none-eabi/9.3.1/../../../../arm-none-eabi/lib/thumb/v6-m/nofp\libc.a(lib_a-signal.o)
                0x000000000800e008                _raise_r
 .text.raise    0x000000000800e060       0x14 c:/st/stm32cubeide_1.7.0/stm32cubeide/plugins/com.st.stm32cube.ide.mcu.externaltools.gnu-tools-for-stm32.9-2020-q2-update.win32_2.0.0.202105311346/tools/bin/../lib/gcc/arm-none-eabi/9.3.1/../../../../arm-none-eabi/lib/thumb/v6-m/nofp\libc.a(lib_a-signal.o)
                0x000000000800e060                raise
 .text._kill_r  0x000000000800e074       0x24 c:/st/stm32cubeide_1.7.0/stm32cubeide/plugins/com.st.stm32cube.ide.mcu.externaltools.gnu-tools-for-stm32.9-2020-q2-update.win32_2.0.0.202105311346/tools/bin/../lib/gcc/arm-none-eabi/9.3.1/../../../../arm-none-eabi/lib/thumb/v6-m/nofp\libc.a(lib_a-signalr.o)
                0x000000000800e074                _kill_r
 .text._getpid_r
                0x000000000800e098        0x8 c:/st/stm32cubeide_1.7.0/stm32cubeide/plugins/com.st.stm32cube.ide.mcu.externaltools.gnu-tools-for-stm32.9-2020-q2-update.win32_2.0.0.202105311346/tools/bin/../lib/gcc/arm-none-eabi/9.3.1/../../../../arm-none-eabi/lib/thumb/v6-m/nofp\libc.a(lib_a-signalr.o)
                0x000000000800e098                _getpid_r
 .text.__sread  0x000000000800e0a0       0x28 c:/st/stm32cubeide_1.7.0/stm32cubeide/plugins/com.st.stm32cube.ide.mcu.externaltools.gnu-tools-for-stm32.9-2020-q2-update.win32_2.0.0.202105311346/tools/bin/../lib/gcc/arm-none-eabi/9.3.1/../../../../arm-none-eabi/lib/thumb/v6-m/nofp\libc.a(lib_a-stdio.o)
                0x000000000800e0a0                __sread
 .text.__swrite
                0x000000000800e0c8       0x38 c:/st/stm32cubeide_1.7.0/stm32cubeide/plugins/com.st.stm32cube.ide.mcu.externaltools.gnu-tools-for-stm32.9-2020-q2-update.win32_2.0.0.202105311346/tools/bin/../lib/gcc/arm-none-eabi/9.3.1/../../../../arm-none-eabi/lib/thumb/v6-m/nofp\libc.a(lib_a-stdio.o)
                0x000000000800e0c8                __swrite
 .text.__sseek  0x000000000800e100       0x2c c:/st/stm32cubeide_1.7.0/stm32cubeide/plugins/com.st.stm32cube.ide.mcu.externaltools.gnu-tools-for-stm32.9-2020-q2-update.win32_2.0.0.202105311346/tools/bin/../lib/gcc/arm-none-eabi/9.3.1/../../../../arm-none-eabi/lib/thumb/v6-m/nofp\libc.a(lib_a-stdio.o)
                0x000000000800e100                __sseek
 .text.__sclose