stm32l0xx_hal_uart.c:3502:13:UART_EndTxTransfer	8	static,ignoring_inline_asm
stm32l0xx_hal_uart.c:3517:13:UART_EndRxTransfer	12	static,ignoring_inline_asm
stm32l0xx_hal_uart.c:3912:13:UART_TxISR_8BIT	12	static,ignoring_inline_asm
stm32l0xx_hal_uart.c:3941:13:UART_TxISR_16BIT	12	static,ignoring_inline_asm
stm32l0xx_hal_uart.c:654:13:HAL_UART_MspInit	0	static
stm32l0xx_hal_uart.c:669:13:HAL_UART_MspDeInit	0	static
stm32l0xx_hal_uart.c:608:19:HAL_UART_DeInit	16	static
stm32l0xx_hal_uart.c:1290:19:HAL_UART_Transmit_IT	12	static,ignoring_inline_asm
stm32l0xx_hal_uart.c:1418:19:HAL_UART_Transmit_DMA	8	static,ignoring_inline_asm
stm32l0xx_hal_uart.c:1559:19:HAL_UART_DMAPause	12	static,ignoring_inline_asm
stm32l0xx_hal_uart.c:1593:19:HAL_UART_DMAResume	12	static,ignoring_inline_asm
stm32l0xx_hal_uart.c:1625:19:HAL_UART_DMAStop	16	static,ignoring_inline_asm
stm32l0xx_hal_uart.c:1700:19:HAL_UART_Abort	16	static,ignoring_inline_asm
stm32l0xx_hal_uart.c:1795:19:HAL_UART_AbortTransmit	8	static,ignoring_inline_asm
stm32l0xx_hal_uart.c:1847:19:HAL_UART_AbortReceive	16	static,ignoring_inline_asm
stm32l0xx_hal_uart.c:2527:13:HAL_UART_TxCpltCallback	0	static
stm32l0xx_hal_uart.c:3543:13:UART_DMATransmitCplt	16	static,ignoring_inline_asm
stm32l0xx_hal_uart.c:3973:13:UART_EndTransmit_IT	8	static,ignoring_inline_asm
stm32l0xx_hal_uart.c:2542:13:HAL_UART_TxHalfCpltCallback	0	static
stm32l0xx_hal_uart.c:3577:13:UART_DMATxHalfCplt	8	static
stm32l0xx_hal_uart.c:2557:13:HAL_UART_RxCpltCallback	0	static
stm32l0xx_hal_uart.c:2572:13:HAL_UART_RxHalfCpltCallback	0	static
stm32l0xx_hal_uart.c:2587:13:HAL_UART_ErrorCallback	0	static
stm32l0xx_hal_uart.c:3686:13:UART_DMAError	16	static
stm32l0xx_hal_uart.c:3726:13:UART_DMAAbortOnError	8	static
stm32l0xx_hal_uart.c:2602:13:HAL_UART_AbortCpltCallback	0	static
stm32l0xx_hal_uart.c:1914:19:HAL_UART_Abort_IT	16	static,ignoring_inline_asm
stm32l0xx_hal_uart.c:3799:13:UART_DMARxAbortCallback	8	static
stm32l0xx_hal_uart.c:3749:13:UART_DMATxAbortCallback	8	static
stm32l0xx_hal_uart.c:2617:13:HAL_UART_AbortTransmitCpltCallback	0	static
stm32l0xx_hal_uart.c:2060:19:HAL_UART_AbortTransmit_IT	8	static,ignoring_inline_asm
stm32l0xx_hal_uart.c:3851:13:UART_DMATxOnlyAbortCallback	8	static
stm32l0xx_hal_uart.c:2632:13:HAL_UART_AbortReceiveCpltCallback	0	static
stm32l0xx_hal_uart.c:2144:19:HAL_UART_AbortReceive_IT	16	static,ignoring_inline_asm
stm32l0xx_hal_uart.c:3879:13:UART_DMARxOnlyAbortCallback	8	static
stm32l0xx_hal_uart.c:2649:13:HAL_UARTEx_RxEventCallback	0	static
stm32l0xx_hal_uart.c:2236:6:HAL_UART_IRQHandler	16	static,ignoring_inline_asm
stm32l0xx_hal_uart.c:3998:13:UART_RxISR_8BIT	16	static,ignoring_inline_asm
stm32l0xx_hal_uart.c:4075:13:UART_RxISR_16BIT	16	static,ignoring_inline_asm
stm32l0xx_hal_uart.c:3652:13:UART_DMARxHalfCplt	8	static
stm32l0xx_hal_uart.c:3595:13:UART_DMAReceiveCplt	16	static,ignoring_inline_asm
stm32l0xx_hal_uart.c:2697:6:HAL_UART_ReceiverTimeout_Config	0	static
stm32l0xx_hal_uart.c:2712:19:HAL_UART_EnableReceiverTimeout	8	static
stm32l0xx_hal_uart.c:2750:19:HAL_UART_DisableReceiverTimeout	8	static
stm32l0xx_hal_uart.c:2828:6:HAL_MultiProcessor_EnterMuteMode	0	static
stm32l0xx_hal_uart.c:2838:19:HAL_HalfDuplex_EnableTransmitter	16	static,ignoring_inline_asm
stm32l0xx_hal_uart.c:2861:19:HAL_HalfDuplex_EnableReceiver	16	static,ignoring_inline_asm
stm32l0xx_hal_uart.c:2885:19:HAL_LIN_SendBreak	8	static
stm32l0xx_hal_uart.c:2930:23:HAL_UART_GetState	0	static
stm32l0xx_hal_uart.c:2946:10:HAL_UART_GetError	0	static
stm32l0xx_hal_uart.c:2990:19:UART_SetConfig	16	static
stm32l0xx_hal_uart.c:3214:6:UART_AdvFeatureConfig	0	static
stm32l0xx_hal_uart.c:3339:19:UART_WaitOnFlagUntilTimeout	32	static,ignoring_inline_asm
stm32l0xx_hal_uart.c:1087:19:HAL_UART_Transmit	32	static
stm32l0xx_hal_uart.c:1188:19:HAL_UART_Receive	40	static
stm32l0xx_hal_uart.c:3288:19:UART_CheckIdleState	24	static
stm32l0xx_hal_uart.c:291:19:HAL_UART_Init	8	static
stm32l0xx_hal_uart.c:364:19:HAL_HalfDuplex_Init	8	static
stm32l0xx_hal_uart.c:437:19:HAL_LIN_Init	16	static
stm32l0xx_hal_uart.c:534:19:HAL_MultiProcessor_Init	16	static
stm32l0xx_hal_uart.c:2788:19:HAL_MultiProcessor_EnableMuteMode	8	static,ignoring_inline_asm
stm32l0xx_hal_uart.c:2808:19:HAL_MultiProcessor_DisableMuteMode	8	static,ignoring_inline_asm
stm32l0xx_hal_uart.c:3401:19:UART_Start_Receive_IT	8	static,ignoring_inline_asm
stm32l0xx_hal_uart.c:1359:19:HAL_UART_Receive_IT	16	static,ignoring_inline_asm
stm32l0xx_hal_uart.c:3445:19:UART_Start_Receive_DMA	16	static,ignoring_inline_asm
stm32l0xx_hal_uart.c:1510:19:HAL_UART_Receive_DMA	16	static,ignoring_inline_asm
