stm32l0xx_hal_dma.c:840:13:DMA_SetConfig	16	static
stm32l0xx_hal_dma.c:139:19:HAL_DMA_Init	16	static
stm32l0xx_hal_dma.c:214:19:HAL_DMA_DeInit	16	static
stm32l0xx_hal_dma.c:294:19:HAL_DMA_Start	16	static
stm32l0xx_hal_dma.c:337:19:HAL_DMA_Start_IT	16	static
stm32l0xx_hal_dma.c:392:19:HAL_DMA_Abort	8	static
stm32l0xx_hal_dma.c:433:19:HAL_DMA_Abort_IT	8	static
stm32l0xx_hal_dma.c:478:19:HAL_DMA_PollForTransfer	32	static
stm32l0xx_hal_dma.c:579:6:HAL_DMA_IRQHandler	16	static
stm32l0xx_hal_dma.c:673:19:HAL_DMA_RegisterCallback	8	static
stm32l0xx_hal_dma.c:724:19:HAL_DMA_UnRegisterCallback	0	static
stm32l0xx_hal_dma.c:802:22:HAL_DMA_GetState	0	static
stm32l0xx_hal_dma.c:814:10:HAL_DMA_GetError	0	static
