stm32l0xx_hal_rcc.c:224:19:HAL_RCC_DeInit	24	static
stm32l0xx_hal_rcc.c:1105:6:HAL_RCC_MCOConfig	48	static
stm32l0xx_hal_rcc.c:1163:6:HAL_RCC_EnableCSS	0	static
stm32l0xx_hal_rcc.c:1199:10:HAL_RCC_GetSysClockFreq	8	static
stm32l0xx_hal_rcc.c:339:19:HAL_RCC_OscConfig	32	static
stm32l0xx_hal_rcc.c:859:19:HAL_RCC_ClockConfig	16	static
stm32l0xx_hal_rcc.c:1269:10:HAL_RCC_GetHCLKFreq	0	static
stm32l0xx_hal_rcc.c:1280:10:HAL_RCC_GetPCLK1Freq	8	static
stm32l0xx_hal_rcc.c:1292:10:HAL_RCC_GetPCLK2Freq	8	static
stm32l0xx_hal_rcc.c:1305:6:HAL_RCC_GetOscConfig	0	static
stm32l0xx_hal_rcc.c:1408:6:HAL_RCC_GetClockConfig	12	static
stm32l0xx_hal_rcc.c:1456:13:HAL_RCC_CSSCallback	0	static
stm32l0xx_hal_rcc.c:1439:6:HAL_RCC_NMI_IRQHandler	8	static
