stm32l0xx_hal_uart.c:3125:13:UART_EndTxTransfer	0	static
stm32l0xx_hal_uart.c:3140:13:UART_EndRxTransfer	0	static
stm32l0xx_hal_uart.c:3487:13:UART_TxISR_8BIT	0	static
stm32l0xx_hal_uart.c:3516:13:UART_TxISR_16BIT	0	static
stm32l0xx_hal_uart.c:664:13:HAL_UART_MspInit	0	static
stm32l0xx_hal_uart.c:679:13:HAL_UART_MspDeInit	0	static
stm32l0xx_hal_uart.c:617:19:HAL_UART_DeInit	16	static
stm32l0xx_hal_uart.c:1233:19:HAL_UART_Transmit_IT	12	static
stm32l0xx_hal_uart.c:1300:19:HAL_UART_Receive_IT	12	static
stm32l0xx_hal_uart.c:1373:19:HAL_UART_Transmit_DMA	8	static
stm32l0xx_hal_uart.c:1464:19:HAL_UART_Receive_DMA	8	static
stm32l0xx_hal_uart.c:1549:19:HAL_UART_DMAPause	8	static
stm32l0xx_hal_uart.c:1585:19:HAL_UART_DMAResume	0	static
stm32l0xx_hal_uart.c:1619:19:HAL_UART_DMAStop	16	static
stm32l0xx_hal_uart.c:1694:19:HAL_UART_Abort	8	static
stm32l0xx_hal_uart.c:1783:19:HAL_UART_AbortTransmit	8	static
stm32l0xx_hal_uart.c:1835:19:HAL_UART_AbortReceive	8	static
stm32l0xx_hal_uart.c:2395:13:HAL_UART_TxCpltCallback	0	static
stm32l0xx_hal_uart.c:3159:13:UART_DMATransmitCplt	8	static
stm32l0xx_hal_uart.c:3548:13:UART_EndTransmit_IT	8	static
stm32l0xx_hal_uart.c:2410:13:HAL_UART_TxHalfCpltCallback	0	static
stm32l0xx_hal_uart.c:3193:13:UART_DMATxHalfCplt	8	static
stm32l0xx_hal_uart.c:2425:13:HAL_UART_RxCpltCallback	0	static
stm32l0xx_hal_uart.c:3573:13:UART_RxISR_8BIT	8	static
stm32l0xx_hal_uart.c:3623:13:UART_RxISR_16BIT	8	static
stm32l0xx_hal_uart.c:3211:13:UART_DMAReceiveCplt	8	static
stm32l0xx_hal_uart.c:2440:13:HAL_UART_RxHalfCpltCallback	0	static
stm32l0xx_hal_uart.c:3246:13:UART_DMARxHalfCplt	8	static
stm32l0xx_hal_uart.c:2455:13:HAL_UART_ErrorCallback	0	static
stm32l0xx_hal_uart.c:3264:13:UART_DMAError	16	static
stm32l0xx_hal_uart.c:2202:6:HAL_UART_IRQHandler	16	static
stm32l0xx_hal_uart.c:3304:13:UART_DMAAbortOnError	8	static
stm32l0xx_hal_uart.c:2470:13:HAL_UART_AbortCpltCallback	0	static
stm32l0xx_hal_uart.c:1895:19:HAL_UART_Abort_IT	8	static
stm32l0xx_hal_uart.c:3376:13:UART_DMARxAbortCallback	8	static
stm32l0xx_hal_uart.c:3327:13:UART_DMATxAbortCallback	8	static
stm32l0xx_hal_uart.c:2485:13:HAL_UART_AbortTransmitCpltCallback	0	static
stm32l0xx_hal_uart.c:2034:19:HAL_UART_AbortTransmit_IT	8	static
stm32l0xx_hal_uart.c:3427:13:UART_DMATxOnlyAbortCallback	8	static
stm32l0xx_hal_uart.c:2500:13:HAL_UART_AbortReceiveCpltCallback	0	static
stm32l0xx_hal_uart.c:2118:19:HAL_UART_AbortReceive_IT	8	static
stm32l0xx_hal_uart.c:3455:13:UART_DMARxOnlyAbortCallback	8	static
stm32l0xx_hal_uart.c:2584:6:HAL_MultiProcessor_EnterMuteMode	0	static
stm32l0xx_hal_uart.c:2594:19:HAL_HalfDuplex_EnableTransmitter	8	static
stm32l0xx_hal_uart.c:2619:19:HAL_HalfDuplex_EnableReceiver	8	static
stm32l0xx_hal_uart.c:2645:19:HAL_LIN_SendBreak	8	static
stm32l0xx_hal_uart.c:2692:23:HAL_UART_GetState	0	static
stm32l0xx_hal_uart.c:2707:10:HAL_UART_GetError	0	static
stm32l0xx_hal_uart.c:2750:19:UART_SetConfig	16	static
stm32l0xx_hal_uart.c:2967:6:UART_AdvFeatureConfig	0	static
stm32l0xx_hal_uart.c:3092:19:UART_WaitOnFlagUntilTimeout	24	static
stm32l0xx_hal_uart.c:1035:19:HAL_UART_Transmit	40	static
stm32l0xx_hal_uart.c:1134:19:HAL_UART_Receive	40	static
stm32l0xx_hal_uart.c:3041:19:UART_CheckIdleState	24	static
stm32l0xx_hal_uart.c:292:19:HAL_UART_Init	8	static
stm32l0xx_hal_uart.c:367:19:HAL_HalfDuplex_Init	8	static
stm32l0xx_hal_uart.c:442:19:HAL_LIN_Init	16	static
stm32l0xx_hal_uart.c:541:19:HAL_MultiProcessor_Init	16	static
stm32l0xx_hal_uart.c:2542:19:HAL_MultiProcessor_EnableMuteMode	8	static
stm32l0xx_hal_uart.c:2563:19:HAL_MultiProcessor_DisableMuteMode	8	static
