stm32l0xx_hal_rcc.c:223:19:HAL_RCC_DeInit	24	static
stm32l0xx_hal_rcc.c:1120:6:HAL_RCC_MCOConfig	48	static
stm32l0xx_hal_rcc.c:1177:6:HAL_RCC_EnableCSS	0	static
stm32l0xx_hal_rcc.c:1213:10:HAL_RCC_GetSysClockFreq	8	static
stm32l0xx_hal_rcc.c:338:19:HAL_RCC_OscConfig	32	static
stm32l0xx_hal_rcc.c:859:19:HAL_RCC_ClockConfig	16	static
stm32l0xx_hal_rcc.c:1283:10:HAL_RCC_GetHCLKFreq	0	static
stm32l0xx_hal_rcc.c:1294:10:HAL_RCC_GetPCLK1Freq	8	static
stm32l0xx_hal_rcc.c:1306:10:HAL_RCC_GetPCLK2Freq	8	static
stm32l0xx_hal_rcc.c:1319:6:HAL_RCC_GetOscConfig	0	static
stm32l0xx_hal_rcc.c:1422:6:HAL_RCC_GetClockConfig	12	static
stm32l0xx_hal_rcc.c:1470:13:HAL_RCC_CSSCallback	0	static
stm32l0xx_hal_rcc.c:1453:6:HAL_RCC_NMI_IRQHandler	8	static
