stm32l0xx_hal_uart_ex.c:490:13:UARTEx_Wakeup_AddressConfig	8	static
stm32l0xx_hal_uart_ex.c:151:19:HAL_RS485Ex_Init	24	static
stm32l0xx_hal_uart_ex.c:252:13:HAL_UARTEx_WakeupCallback	0	static
stm32l0xx_hal_uart_ex.c:299:19:HAL_UARTEx_EnableClockStopMode	8	static
stm32l0xx_hal_uart_ex.c:318:19:HAL_UARTEx_DisableClockStopMode	8	static
stm32l0xx_hal_uart_ex.c:345:19:HAL_MultiProcessorEx_AddressLength_Set	16	static
stm32l0xx_hal_uart_ex.c:383:19:HAL_UARTEx_StopModeWakeUpSourceConfig	24	static
stm32l0xx_hal_uart_ex.c:438:19:HAL_UARTEx_EnableStopMode	8	static
stm32l0xx_hal_uart_ex.c:457:19:HAL_UARTEx_DisableStopMode	8	static
