stm32l0xx_hal_flash_ramfunc.c:398:37:FLASHRAM_SetErrorCode	0	static
stm32l0xx_hal_flash_ramfunc.c:458:37:FLASHRAM_WaitForLastOperation	8	static
stm32l0xx_hal_flash_ramfunc.c:115:30:HAL_FLASHEx_EnableRunPowerDown	0	static
stm32l0xx_hal_flash_ramfunc.c:128:30:HAL_FLASHEx_DisableRunPowerDown	0	static
stm32l0xx_hal_flash_ramfunc.c:165:30:HAL_FLASHEx_EraseParallelPage	24	static
stm32l0xx_hal_flash_ramfunc.c:224:30:HAL_FLASHEx_ProgramParallelHalfPage	24	static,ignoring_inline_asm
stm32l0xx_hal_flash_ramfunc.c:305:30:HAL_FLASHEx_HalfPageProgram	16	static,ignoring_inline_asm
stm32l0xx_hal_flash_ramfunc.c:376:30:HAL_FLASHEx_GetError	0	static
