stm32l0xx_hal_tim.c:6445:13:TIM_Base_SetConfig	0	static
stm32l0xx_hal_tim.c:6487:13:TIM_OC1_SetConfig	12	static
stm32l0xx_hal_tim.c:6534:13:TIM_OC2_SetConfig	12	static
stm32l0xx_hal_tim.c:6582:13:TIM_OC3_SetConfig	12	static
stm32l0xx_hal_tim.c:6629:13:TIM_OC4_SetConfig	12	static
stm32l0xx_hal_tim.c:6811:13:TIM_TI1_SetConfig	20	static
stm32l0xx_hal_tim.c:6858:13:TIM_TI1_ConfigInputStage	12	static
stm32l0xx_hal_tim.c:6901:13:TIM_TI2_SetConfig	16	static
stm32l0xx_hal_tim.c:6941:13:TIM_TI2_ConfigInputStage	12	static
stm32l0xx_hal_tim.c:6984:13:TIM_TI3_SetConfig	16	static
stm32l0xx_hal_tim.c:7032:13:TIM_TI4_SetConfig	16	static
stm32l0xx_hal_tim.c:7075:13:TIM_ITRx_SetConfig	0	static
stm32l0xx_hal_tim.c:7105:13:TIM_ETR_SetConfig	12	static
stm32l0xx_hal_tim.c:6677:26:TIM_SlaveTimer_SetConfig	16	static
stm32l0xx_hal_tim.c:7135:13:TIM_CCxChannelCmd	8	static
stm32l0xx_hal_tim.c:371:13:HAL_TIM_Base_MspInit	0	static
stm32l0xx_hal_tim.c:269:19:HAL_TIM_Base_Init	16	static
stm32l0xx_hal_tim.c:386:13:HAL_TIM_Base_MspDeInit	0	static
stm32l0xx_hal_tim.c:329:19:HAL_TIM_Base_DeInit	8	static
stm32l0xx_hal_tim.c:402:19:HAL_TIM_Base_Start	0	static
stm32l0xx_hal_tim.c:441:19:HAL_TIM_Base_Stop	0	static
stm32l0xx_hal_tim.c:461:19:HAL_TIM_Base_Start_IT	0	static
stm32l0xx_hal_tim.c:503:19:HAL_TIM_Base_Stop_IT	0	static
stm32l0xx_hal_tim.c:528:19:HAL_TIM_Base_Start_DMA	16	static
stm32l0xx_hal_tim.c:597:19:HAL_TIM_Base_Stop_DMA	8	static
stm32l0xx_hal_tim.c:754:13:HAL_TIM_OC_MspInit	0	static
stm32l0xx_hal_tim.c:652:19:HAL_TIM_OC_Init	16	static
stm32l0xx_hal_tim.c:769:13:HAL_TIM_OC_MspDeInit	0	static
stm32l0xx_hal_tim.c:712:19:HAL_TIM_OC_DeInit	8	static
stm32l0xx_hal_tim.c:790:19:HAL_TIM_OC_Start	8	static
stm32l0xx_hal_tim.c:838:19:HAL_TIM_OC_Stop	16	static
stm32l0xx_hal_tim.c:867:19:HAL_TIM_OC_Start_IT	8	static
stm32l0xx_hal_tim.c:954:19:HAL_TIM_OC_Stop_IT	16	static
stm32l0xx_hal_tim.c:1025:19:HAL_TIM_OC_Start_DMA	16	static
stm32l0xx_hal_tim.c:1182:19:HAL_TIM_OC_Stop_DMA	16	static
stm32l0xx_hal_tim.c:1381:13:HAL_TIM_PWM_MspInit	0	static
stm32l0xx_hal_tim.c:1279:19:HAL_TIM_PWM_Init	16	static
stm32l0xx_hal_tim.c:1396:13:HAL_TIM_PWM_MspDeInit	0	static
stm32l0xx_hal_tim.c:1339:19:HAL_TIM_PWM_DeInit	8	static
stm32l0xx_hal_tim.c:1417:19:HAL_TIM_PWM_Start	8	static
stm32l0xx_hal_tim.c:1465:19:HAL_TIM_PWM_Stop	16	static
stm32l0xx_hal_tim.c:1494:19:HAL_TIM_PWM_Start_IT	8	static
stm32l0xx_hal_tim.c:1581:19:HAL_TIM_PWM_Stop_IT	16	static
stm32l0xx_hal_tim.c:1652:19:HAL_TIM_PWM_Start_DMA	16	static
stm32l0xx_hal_tim.c:1808:19:HAL_TIM_PWM_Stop_DMA	16	static
stm32l0xx_hal_tim.c:2007:13:HAL_TIM_IC_MspInit	0	static
stm32l0xx_hal_tim.c:1905:19:HAL_TIM_IC_Init	16	static
stm32l0xx_hal_tim.c:2022:13:HAL_TIM_IC_MspDeInit	0	static
stm32l0xx_hal_tim.c:1965:19:HAL_TIM_IC_DeInit	8	static
stm32l0xx_hal_tim.c:2043:19:HAL_TIM_IC_Start	8	static
stm32l0xx_hal_tim.c:2092:19:HAL_TIM_IC_Stop	16	static
stm32l0xx_hal_tim.c:2121:19:HAL_TIM_IC_Start_IT	8	static
stm32l0xx_hal_tim.c:2210:19:HAL_TIM_IC_Stop_IT	16	static
stm32l0xx_hal_tim.c:2281:19:HAL_TIM_IC_Start_DMA	32	static
stm32l0xx_hal_tim.c:2436:19:HAL_TIM_IC_Stop_DMA	16	static
stm32l0xx_hal_tim.c:2651:13:HAL_TIM_OnePulse_MspInit	0	static
stm32l0xx_hal_tim.c:2540:19:HAL_TIM_OnePulse_Init	16	static
stm32l0xx_hal_tim.c:2666:13:HAL_TIM_OnePulse_MspDeInit	0	static
stm32l0xx_hal_tim.c:2608:19:HAL_TIM_OnePulse_DeInit	8	static
stm32l0xx_hal_tim.c:2686:19:HAL_TIM_OnePulse_Start	8	static
stm32l0xx_hal_tim.c:2731:19:HAL_TIM_OnePulse_Stop	8	static
stm32l0xx_hal_tim.c:2766:19:HAL_TIM_OnePulse_Start_IT	8	static
stm32l0xx_hal_tim.c:2817:19:HAL_TIM_OnePulse_Stop_IT	8	static
stm32l0xx_hal_tim.c:3045:13:HAL_TIM_Encoder_MspInit	0	static
stm32l0xx_hal_tim.c:2888:19:HAL_TIM_Encoder_Init	24	static
stm32l0xx_hal_tim.c:3060:13:HAL_TIM_Encoder_MspDeInit	0	static
stm32l0xx_hal_tim.c:3002:19:HAL_TIM_Encoder_DeInit	8	static
stm32l0xx_hal_tim.c:3080:19:HAL_TIM_Encoder_Start	8	static
stm32l0xx_hal_tim.c:3164:19:HAL_TIM_Encoder_Stop	16	static
stm32l0xx_hal_tim.c:3221:19:HAL_TIM_Encoder_Start_IT	8	static
stm32l0xx_hal_tim.c:3311:19:HAL_TIM_Encoder_Stop_IT	16	static
stm32l0xx_hal_tim.c:3373:19:HAL_TIM_Encoder_Start_DMA	24	static
stm32l0xx_hal_tim.c:3572:19:HAL_TIM_Encoder_Stop_DMA	16	static
stm32l0xx_hal_tim.c:3834:19:HAL_TIM_OC_ConfigChannel	8	static
stm32l0xx_hal_tim.c:3913:19:HAL_TIM_IC_ConfigChannel	16	static
stm32l0xx_hal_tim.c:4012:19:HAL_TIM_PWM_ConfigChannel	16	static
stm32l0xx_hal_tim.c:4126:19:HAL_TIM_OnePulse_ConfigChannel	32	static
stm32l0xx_hal_tim.c:4321:19:HAL_TIM_DMABurst_MultiWriteStart	16	static
stm32l0xx_hal_tim.c:4269:19:HAL_TIM_DMABurst_WriteStart	24	static
stm32l0xx_hal_tim.c:4487:19:HAL_TIM_DMABurst_WriteStop	16	static
stm32l0xx_hal_tim.c:4632:19:HAL_TIM_DMABurst_MultiReadStart	16	static
stm32l0xx_hal_tim.c:4581:19:HAL_TIM_DMABurst_ReadStart	24	static
stm32l0xx_hal_tim.c:4798:19:HAL_TIM_DMABurst_ReadStop	16	static
stm32l0xx_hal_tim.c:4871:19:HAL_TIM_GenerateEvent	0	static
stm32l0xx_hal_tim.c:4908:19:HAL_TIM_ConfigOCrefClear	16	static
stm32l0xx_hal_tim.c:5038:19:HAL_TIM_ConfigClockSource	8	static
stm32l0xx_hal_tim.c:5192:19:HAL_TIM_ConfigTI1Input	0	static
stm32l0xx_hal_tim.c:5224:19:HAL_TIM_SlaveConfigSynchro	8	static
stm32l0xx_hal_tim.c:5264:19:HAL_TIM_SlaveConfigSynchro_IT	8	static
stm32l0xx_hal_tim.c:5307:10:HAL_TIM_ReadCapturedValue	0	static
stm32l0xx_hal_tim.c:5391:13:HAL_TIM_PeriodElapsedCallback	0	static
stm32l0xx_hal_tim.c:6370:13:TIM_DMAPeriodElapsedCplt	8	static
stm32l0xx_hal_tim.c:5406:13:HAL_TIM_PeriodElapsedHalfCpltCallback	0	static
stm32l0xx_hal_tim.c:6391:13:TIM_DMAPeriodElapsedHalfCplt	8	static
stm32l0xx_hal_tim.c:5421:13:HAL_TIM_OC_DelayElapsedCallback	0	static
stm32l0xx_hal_tim.c:5436:13:HAL_TIM_IC_CaptureCallback	0	static
stm32l0xx_hal_tim.c:6272:6:TIM_DMACaptureCplt	8	static
stm32l0xx_hal_tim.c:5451:13:HAL_TIM_IC_CaptureHalfCpltCallback	0	static
stm32l0xx_hal_tim.c:6331:6:TIM_DMACaptureHalfCplt	8	static
stm32l0xx_hal_tim.c:5466:13:HAL_TIM_PWM_PulseFinishedCallback	0	static
stm32l0xx_hal_tim.c:6174:13:TIM_DMADelayPulseCplt	8	static
stm32l0xx_hal_tim.c:5481:13:HAL_TIM_PWM_PulseFinishedHalfCpltCallback	0	static
stm32l0xx_hal_tim.c:6233:13:TIM_DMADelayPulseHalfCplt	8	static
stm32l0xx_hal_tim.c:5496:13:HAL_TIM_TriggerCallback	0	static
stm32l0xx_hal_tim.c:3646:6:HAL_TIM_IRQHandler	8	static
stm32l0xx_hal_tim.c:6407:13:TIM_DMATriggerCplt	8	static
stm32l0xx_hal_tim.c:5511:13:HAL_TIM_TriggerHalfCpltCallback	0	static
stm32l0xx_hal_tim.c:6428:13:TIM_DMATriggerHalfCplt	8	static
stm32l0xx_hal_tim.c:5526:13:HAL_TIM_ErrorCallback	0	static
stm32l0xx_hal_tim.c:6131:6:TIM_DMAError	8	static
stm32l0xx_hal_tim.c:6011:22:HAL_TIM_Base_GetState	0	static
stm32l0xx_hal_tim.c:6021:22:HAL_TIM_OC_GetState	0	static
stm32l0xx_hal_tim.c:6031:22:HAL_TIM_PWM_GetState	0	static
stm32l0xx_hal_tim.c:6041:22:HAL_TIM_IC_GetState	0	static
stm32l0xx_hal_tim.c:6051:22:HAL_TIM_OnePulse_GetState	0	static
stm32l0xx_hal_tim.c:6061:22:HAL_TIM_Encoder_GetState	0	static
stm32l0xx_hal_tim.c:6071:23:HAL_TIM_GetActiveChannel	0	static
stm32l0xx_hal_tim.c:6089:29:HAL_TIM_GetChannelState	0	static
stm32l0xx_hal_tim.c:6106:30:HAL_TIM_DMABurstState	0	static
