stm32l0xx_hal.c:202:13:HAL_MspInit	0	static
stm32l0xx_hal.c:213:13:HAL_MspDeInit	0	static
stm32l0xx_hal.c:176:19:HAL_DeInit	8	static
stm32l0xx_hal.c:236:26:HAL_InitTick	8	static
stm32l0xx_hal.c:138:19:HAL_Init	8	static
stm32l0xx_hal.c:288:13:HAL_IncTick	0	static
stm32l0xx_hal.c:299:17:HAL_GetTick	0	static
stm32l0xx_hal.c:315:13:HAL_Delay	16	static
stm32l0xx_hal.c:341:13:HAL_SuspendTick	0	static
stm32l0xx_hal.c:357:13:HAL_ResumeTick	0	static
stm32l0xx_hal.c:367:10:HAL_GetHalVersion	0	static
stm32l0xx_hal.c:376:10:HAL_GetREVID	0	static
stm32l0xx_hal.c:385:10:HAL_GetDEVID	0	static
stm32l0xx_hal.c:394:10:HAL_GetUIDw0	0	static
stm32l0xx_hal.c:403:10:HAL_GetUIDw1	0	static
stm32l0xx_hal.c:412:10:HAL_GetUIDw2	0	static
stm32l0xx_hal.c:441:6:HAL_DBGMCU_EnableDBGSleepMode	0	static
stm32l0xx_hal.c:450:6:HAL_DBGMCU_DisableDBGSleepMode	0	static
stm32l0xx_hal.c:459:6:HAL_DBGMCU_EnableDBGStopMode	0	static
stm32l0xx_hal.c:468:6:HAL_DBGMCU_DisableDBGStopMode	0	static
stm32l0xx_hal.c:477:6:HAL_DBGMCU_EnableDBGStandbyMode	0	static
stm32l0xx_hal.c:486:6:HAL_DBGMCU_DisableDBGStandbyMode	0	static
stm32l0xx_hal.c:500:6:HAL_DBGMCU_DBG_EnableLowPowerConfig	0	static
stm32l0xx_hal.c:517:6:HAL_DBGMCU_DBG_DisableLowPowerConfig	0	static
stm32l0xx_hal.c:554:11:HAL_SYSCFG_GetBootMode	0	static
stm32l0xx_hal.c:571:6:HAL_SYSCFG_VREFINT_OutputSelect	0	static
stm32l0xx_hal.c:585:6:HAL_SYSCFG_Enable_Lock_VREFINT	0	static
stm32l0xx_hal.c:595:6:HAL_SYSCFG_Disable_Lock_VREFINT	0	static
