stm32l0xx_hal_rcc_ex.c:97:19:HAL_RCCEx_PeriphCLKConfig	32	static
stm32l0xx_hal_rcc_ex.c:297:6:HAL_RCCEx_GetPeriphCLKConfig	24	static
stm32l0xx_hal_rcc_ex.c:375:10:HAL_RCCEx_GetPeriphCLKFreq	48	static
stm32l0xx_hal_rcc_ex.c:745:6:HAL_RCCEx_EnableLSECSS	8	static
stm32l0xx_hal_rcc_ex.c:757:6:HAL_RCCEx_DisableLSECSS	8	static
stm32l0xx_hal_rcc_ex.c:771:6:HAL_RCCEx_EnableLSECSS_IT	8	static
stm32l0xx_hal_rcc_ex.c:788:6:HAL_RCCEx_LSECSS_IRQHandler	8	static
stm32l0xx_hal_rcc_ex.c:805:13:HAL_RCCEx_LSECSS_Callback	8	static
stm32l0xx_hal_rcc_ex.c:818:6:HAL_RCCEx_EnableHSI48_VREFINT	8	static
stm32l0xx_hal_rcc_ex.c:829:6:HAL_RCCEx_DisableHSI48_VREFINT	8	static
stm32l0xx_hal_rcc_ex.c:912:6:HAL_RCCEx_CRSConfig	24	static
stm32l0xx_hal_rcc_ex.c:954:6:HAL_RCCEx_CRSSoftwareSynchronizationGenerate	8	static
stm32l0xx_hal_rcc_ex.c:964:6:HAL_RCCEx_CRSGetSynchronizationInfo	16	static
stm32l0xx_hal_rcc_ex.c:997:10:HAL_RCCEx_CRSWaitSynchronization	24	static
stm32l0xx_hal_rcc_ex.c:1080:6:HAL_RCCEx_CRS_IRQHandler	24	static
stm32l0xx_hal_rcc_ex.c:1145:13:HAL_RCCEx_CRS_SyncOkCallback	8	static
stm32l0xx_hal_rcc_ex.c:1156:13:HAL_RCCEx_CRS_SyncWarnCallback	8	static
stm32l0xx_hal_rcc_ex.c:1167:13:HAL_RCCEx_CRS_ExpectedSyncCallback	8	static
stm32l0xx_hal_rcc_ex.c:1183:13:HAL_RCCEx_CRS_ErrorCallback	16	static
