../Drivers/STM32L0xx_HAL_Driver/Src/stm32l0xx_hal_pwr_ex.c:70:10:HAL_PWREx_GetVoltageRange	0	static
../Drivers/STM32L0xx_HAL_Driver/Src/stm32l0xx_hal_pwr_ex.c:83:6:HAL_PWREx_EnableFastWakeUp	0	static
../Drivers/STM32L0xx_HAL_Driver/Src/stm32l0xx_hal_pwr_ex.c:93:6:HAL_PWREx_DisableFastWakeUp	0	static
../Drivers/STM32L0xx_HAL_Driver/Src/stm32l0xx_hal_pwr_ex.c:103:6:HAL_PWREx_EnableUltraLowPower	0	static
../Drivers/STM32L0xx_HAL_Driver/Src/stm32l0xx_hal_pwr_ex.c:113:6:HAL_PWREx_DisableUltraLowPower	0	static
../Drivers/STM32L0xx_HAL_Driver/Src/stm32l0xx_hal_pwr_ex.c:131:6:HAL_PWREx_EnableLowPowerRunMode	0	static
../Drivers/STM32L0xx_HAL_Driver/Src/stm32l0xx_hal_pwr_ex.c:146:19:HAL_PWREx_DisableLowPowerRunMode	8	static
