stm32l0xx_hal_tim.c:258:19:HAL_TIM_Base_Init	16	static
stm32l0xx_hal_tim.c:312:19:HAL_TIM_Base_DeInit	16	static
stm32l0xx_hal_tim.c:348:13:HAL_TIM_Base_MspInit	16	static
stm32l0xx_hal_tim.c:363:13:HAL_TIM_Base_MspDeInit	16	static
stm32l0xx_hal_tim.c:379:19:HAL_TIM_Base_Start	24	static
stm32l0xx_hal_tim.c:408:19:HAL_TIM_Base_Stop	16	static
stm32l0xx_hal_tim.c:431:19:HAL_TIM_Base_Start_IT	24	static
stm32l0xx_hal_tim.c:457:19:HAL_TIM_Base_Stop_IT	16	static
stm32l0xx_hal_tim.c:478:19:HAL_TIM_Base_Start_DMA	32	static
stm32l0xx_hal_tim.c:537:19:HAL_TIM_Base_Stop_DMA	16	static
stm32l0xx_hal_tim.c:592:19:HAL_TIM_OC_Init	16	static
stm32l0xx_hal_tim.c:646:19:HAL_TIM_OC_DeInit	16	static
stm32l0xx_hal_tim.c:682:13:HAL_TIM_OC_MspInit	16	static
stm32l0xx_hal_tim.c:697:13:HAL_TIM_OC_MspDeInit	16	static
stm32l0xx_hal_tim.c:718:19:HAL_TIM_OC_Start	24	static
stm32l0xx_hal_tim.c:750:19:HAL_TIM_OC_Stop	16	static
stm32l0xx_hal_tim.c:776:19:HAL_TIM_OC_Start_IT	24	static
stm32l0xx_hal_tim.c:842:19:HAL_TIM_OC_Stop_IT	16	static
stm32l0xx_hal_tim.c:904:19:HAL_TIM_OC_Start_DMA	32	static
stm32l0xx_hal_tim.c:1040:19:HAL_TIM_OC_Stop_DMA	16	static
stm32l0xx_hal_tim.c:1131:19:HAL_TIM_PWM_Init	16	static
stm32l0xx_hal_tim.c:1185:19:HAL_TIM_PWM_DeInit	16	static
stm32l0xx_hal_tim.c:1221:13:HAL_TIM_PWM_MspInit	16	static
stm32l0xx_hal_tim.c:1236:13:HAL_TIM_PWM_MspDeInit	16	static
stm32l0xx_hal_tim.c:1257:19:HAL_TIM_PWM_Start	24	static
stm32l0xx_hal_tim.c:1289:19:HAL_TIM_PWM_Stop	16	static
stm32l0xx_hal_tim.c:1318:19:HAL_TIM_PWM_Start_IT	24	static
stm32l0xx_hal_tim.c:1383:19:HAL_TIM_PWM_Stop_IT	16	static
stm32l0xx_hal_tim.c:1445:19:HAL_TIM_PWM_Start_DMA	32	static
stm32l0xx_hal_tim.c:1580:19:HAL_TIM_PWM_Stop_DMA	16	static
stm32l0xx_hal_tim.c:1671:19:HAL_TIM_IC_Init	16	static
stm32l0xx_hal_tim.c:1725:19:HAL_TIM_IC_DeInit	16	static
stm32l0xx_hal_tim.c:1761:13:HAL_TIM_IC_MspInit	16	static
stm32l0xx_hal_tim.c:1776:13:HAL_TIM_IC_MspDeInit	16	static
stm32l0xx_hal_tim.c:1797:19:HAL_TIM_IC_Start	24	static
stm32l0xx_hal_tim.c:1829:19:HAL_TIM_IC_Stop	16	static
stm32l0xx_hal_tim.c:1855:19:HAL_TIM_IC_Start_IT	24	static
stm32l0xx_hal_tim.c:1920:19:HAL_TIM_IC_Stop_IT	16	static
stm32l0xx_hal_tim.c:1982:19:HAL_TIM_IC_Start_DMA	32	static
stm32l0xx_hal_tim.c:2117:19:HAL_TIM_IC_Stop_DMA	16	static
stm32l0xx_hal_tim.c:2212:19:HAL_TIM_OnePulse_Init	16	static
stm32l0xx_hal_tim.c:2273:19:HAL_TIM_OnePulse_DeInit	16	static
stm32l0xx_hal_tim.c:2309:13:HAL_TIM_OnePulse_MspInit	16	static
stm32l0xx_hal_tim.c:2324:13:HAL_TIM_OnePulse_MspDeInit	16	static
stm32l0xx_hal_tim.c:2343:19:HAL_TIM_OnePulse_Start	16	static
stm32l0xx_hal_tim.c:2373:19:HAL_TIM_OnePulse_Stop	16	static
stm32l0xx_hal_tim.c:2403:19:HAL_TIM_OnePulse_Start_IT	16	static
stm32l0xx_hal_tim.c:2439:19:HAL_TIM_OnePulse_Stop_IT	16	static
stm32l0xx_hal_tim.c:2503:19:HAL_TIM_Encoder_Init	32	static
stm32l0xx_hal_tim.c:2610:19:HAL_TIM_Encoder_DeInit	16	static
stm32l0xx_hal_tim.c:2646:13:HAL_TIM_Encoder_MspInit	16	static
stm32l0xx_hal_tim.c:2661:13:HAL_TIM_Encoder_MspDeInit	16	static
stm32l0xx_hal_tim.c:2681:19:HAL_TIM_Encoder_Start	16	static
stm32l0xx_hal_tim.c:2725:19:HAL_TIM_Encoder_Stop	16	static
stm32l0xx_hal_tim.c:2771:19:HAL_TIM_Encoder_Start_IT	16	static
stm32l0xx_hal_tim.c:2821:19:HAL_TIM_Encoder_Stop_IT	16	static
stm32l0xx_hal_tim.c:2875:19:HAL_TIM_Encoder_Start_DMA	24	static
stm32l0xx_hal_tim.c:3009:19:HAL_TIM_Encoder_Stop_DMA	16	static
stm32l0xx_hal_tim.c:3075:6:HAL_TIM_IRQHandler	16	static
stm32l0xx_hal_tim.c:3263:19:HAL_TIM_OC_ConfigChannel	24	static
stm32l0xx_hal_tim.c:3343:19:HAL_TIM_IC_ConfigChannel	24	static
stm32l0xx_hal_tim.c:3440:19:HAL_TIM_PWM_ConfigChannel	24	static
stm32l0xx_hal_tim.c:3551:19:HAL_TIM_OnePulse_ConfigChannel	40	static
stm32l0xx_hal_tim.c:3683:19:HAL_TIM_DMABurst_WriteStart	24	static
stm32l0xx_hal_tim.c:3830:19:HAL_TIM_DMABurst_WriteStop	32	static
stm32l0xx_hal_tim.c:3918:19:HAL_TIM_DMABurst_ReadStart	24	static
stm32l0xx_hal_tim.c:4066:19:HAL_TIM_DMABurst_ReadStop	32	static
stm32l0xx_hal_tim.c:4134:19:HAL_TIM_GenerateEvent	16	static
stm32l0xx_hal_tim.c:4171:19:HAL_TIM_ConfigOCrefClear	24	static
stm32l0xx_hal_tim.c:4295:19:HAL_TIM_ConfigClockSource	24	static
stm32l0xx_hal_tim.c:4447:19:HAL_TIM_ConfigTI1Input	24	static
stm32l0xx_hal_tim.c:4479:19:HAL_TIM_SlaveConfigSynchro	16	static
stm32l0xx_hal_tim.c:4519:19:HAL_TIM_SlaveConfigSynchro_IT	16	static
stm32l0xx_hal_tim.c:4562:10:HAL_TIM_ReadCapturedValue	24	static
stm32l0xx_hal_tim.c:4646:13:HAL_TIM_PeriodElapsedCallback	16	static
stm32l0xx_hal_tim.c:4661:13:HAL_TIM_PeriodElapsedHalfCpltCallback	16	static
stm32l0xx_hal_tim.c:4676:13:HAL_TIM_OC_DelayElapsedCallback	16	static
stm32l0xx_hal_tim.c:4691:13:HAL_TIM_IC_CaptureCallback	16	static
stm32l0xx_hal_tim.c:4706:13:HAL_TIM_IC_CaptureHalfCpltCallback	16	static
stm32l0xx_hal_tim.c:4721:13:HAL_TIM_PWM_PulseFinishedCallback	16	static
stm32l0xx_hal_tim.c:4736:13:HAL_TIM_PWM_PulseFinishedHalfCpltCallback	16	static
stm32l0xx_hal_tim.c:4751:13:HAL_TIM_TriggerCallback	16	static
stm32l0xx_hal_tim.c:4766:13:HAL_TIM_TriggerHalfCpltCallback	16	static
stm32l0xx_hal_tim.c:4781:13:HAL_TIM_ErrorCallback	16	static
stm32l0xx_hal_tim.c:5231:22:HAL_TIM_Base_GetState	16	static
stm32l0xx_hal_tim.c:5241:22:HAL_TIM_OC_GetState	16	static
stm32l0xx_hal_tim.c:5251:22:HAL_TIM_PWM_GetState	16	static
stm32l0xx_hal_tim.c:5261:22:HAL_TIM_IC_GetState	16	static
stm32l0xx_hal_tim.c:5271:22:HAL_TIM_OnePulse_GetState	16	static
stm32l0xx_hal_tim.c:5281:22:HAL_TIM_Encoder_GetState	16	static
stm32l0xx_hal_tim.c:5303:6:TIM_DMAError	24	static
stm32l0xx_hal_tim.c:5321:6:TIM_DMADelayPulseCplt	24	static
stm32l0xx_hal_tim.c:5362:6:TIM_DMADelayPulseHalfCplt	24	static
stm32l0xx_hal_tim.c:5403:6:TIM_DMACaptureCplt	24	static
stm32l0xx_hal_tim.c:5444:6:TIM_DMACaptureHalfCplt	24	static
stm32l0xx_hal_tim.c:5485:13:TIM_DMAPeriodElapsedCplt	24	static
stm32l0xx_hal_tim.c:5503:13:TIM_DMAPeriodElapsedHalfCplt	24	static
stm32l0xx_hal_tim.c:5521:13:TIM_DMATriggerCplt	24	static
stm32l0xx_hal_tim.c:5539:13:TIM_DMATriggerHalfCplt	24	static
stm32l0xx_hal_tim.c:5558:6:TIM_Base_SetConfig	24	static
stm32l0xx_hal_tim.c:5600:13:TIM_OC1_SetConfig	32	static
stm32l0xx_hal_tim.c:5647:13:TIM_OC2_SetConfig	32	static
stm32l0xx_hal_tim.c:5695:13:TIM_OC3_SetConfig	32	static
stm32l0xx_hal_tim.c:5742:13:TIM_OC4_SetConfig	32	static
stm32l0xx_hal_tim.c:5790:26:TIM_SlaveTimer_SetConfig	32	static
stm32l0xx_hal_tim.c:5921:13:TIM_TI1_SetConfig	32	static
stm32l0xx_hal_tim.c:5968:13:TIM_TI1_ConfigInputStage	32	static
stm32l0xx_hal_tim.c:6011:13:TIM_TI2_SetConfig	32	static
stm32l0xx_hal_tim.c:6051:13:TIM_TI2_ConfigInputStage	32	static
stm32l0xx_hal_tim.c:6094:13:TIM_TI3_SetConfig	32	static
stm32l0xx_hal_tim.c:6142:13:TIM_TI4_SetConfig	32	static
stm32l0xx_hal_tim.c:6185:13:TIM_ITRx_SetConfig	24	static
stm32l0xx_hal_tim.c:6215:13:TIM_ETR_SetConfig	32	static
stm32l0xx_hal_tim.c:6245:13:TIM_CCxChannelCmd	32	static
