stm32l0xx_hal.c:204:13:HAL_MspInit	0	static
stm32l0xx_hal.c:215:13:HAL_MspDeInit	0	static
stm32l0xx_hal.c:178:19:HAL_DeInit	8	static
stm32l0xx_hal.c:238:26:HAL_InitTick	8	static
stm32l0xx_hal.c:140:19:HAL_Init	8	static
stm32l0xx_hal.c:294:13:HAL_IncTick	0	static
stm32l0xx_hal.c:305:17:HAL_GetTick	0	static
stm32l0xx_hal.c:314:10:HAL_GetTickPrio	0	static
stm32l0xx_hal.c:323:19:HAL_SetTickFreq	8	static
stm32l0xx_hal.c:355:21:HAL_GetTickFreq	0	static
stm32l0xx_hal.c:371:13:HAL_Delay	16	static
stm32l0xx_hal.c:397:13:HAL_SuspendTick	0	static
stm32l0xx_hal.c:413:13:HAL_ResumeTick	0	static
stm32l0xx_hal.c:423:10:HAL_GetHalVersion	0	static
stm32l0xx_hal.c:432:10:HAL_GetREVID	0	static
stm32l0xx_hal.c:441:10:HAL_GetDEVID	0	static
stm32l0xx_hal.c:450:10:HAL_GetUIDw0	0	static
stm32l0xx_hal.c:459:10:HAL_GetUIDw1	0	static
stm32l0xx_hal.c:468:10:HAL_GetUIDw2	0	static
stm32l0xx_hal.c:497:6:HAL_DBGMCU_EnableDBGSleepMode	0	static
stm32l0xx_hal.c:506:6:HAL_DBGMCU_DisableDBGSleepMode	0	static
stm32l0xx_hal.c:515:6:HAL_DBGMCU_EnableDBGStopMode	0	static
stm32l0xx_hal.c:524:6:HAL_DBGMCU_DisableDBGStopMode	0	static
stm32l0xx_hal.c:533:6:HAL_DBGMCU_EnableDBGStandbyMode	0	static
stm32l0xx_hal.c:542:6:HAL_DBGMCU_DisableDBGStandbyMode	0	static
stm32l0xx_hal.c:556:6:HAL_DBGMCU_DBG_EnableLowPowerConfig	0	static
stm32l0xx_hal.c:573:6:HAL_DBGMCU_DBG_DisableLowPowerConfig	0	static
stm32l0xx_hal.c:610:11:HAL_SYSCFG_GetBootMode	0	static
stm32l0xx_hal.c:627:6:HAL_SYSCFG_VREFINT_OutputSelect	0	static
stm32l0xx_hal.c:641:6:HAL_SYSCFG_Enable_Lock_VREFINT	0	static
stm32l0xx_hal.c:651:6:HAL_SYSCFG_Disable_Lock_VREFINT	0	static
