../Drivers/STM32L0xx_HAL_Driver/Src/stm32l0xx_hal_adc_ex.c:107:19:HAL_ADCEx_Calibration_Start	16	static
../Drivers/STM32L0xx_HAL_Driver/Src/stm32l0xx_hal_adc_ex.c:192:10:HAL_ADCEx_Calibration_GetValue	0	static
../Drivers/STM32L0xx_HAL_Driver/Src/stm32l0xx_hal_adc_ex.c:211:19:HAL_ADCEx_Calibration_SetValue	12	static
../Drivers/STM32L0xx_HAL_Driver/Src/stm32l0xx_hal_adc_ex.c:259:19:HAL_ADCEx_EnableVREFINT	8	static
../Drivers/STM32L0xx_HAL_Driver/Src/stm32l0xx_hal_adc_ex.c:291:6:HAL_ADCEx_DisableVREFINT	0	static
../Drivers/STM32L0xx_HAL_Driver/Src/stm32l0xx_hal_adc_ex.c:306:19:HAL_ADCEx_EnableVREFINTTempSensor	8	static
../Drivers/STM32L0xx_HAL_Driver/Src/stm32l0xx_hal_adc_ex.c:338:6:HAL_ADCEx_DisableVREFINTTempSensor	0	static
