stm32l0xx_hal_pwr.c:80:6:HAL_PWR_DeInit	0	static
stm32l0xx_hal_pwr.c:327:6:HAL_PWR_EnableBkUpAccess	0	static
stm32l0xx_hal_pwr.c:340:6:HAL_PWR_DisableBkUpAccess	0	static
stm32l0xx_hal_pwr.c:356:6:HAL_PWR_ConfigPVD	0	static
stm32l0xx_hal_pwr.c:399:6:HAL_PWR_EnablePVD	0	static
stm32l0xx_hal_pwr.c:409:6:HAL_PWR_DisablePVD	0	static
stm32l0xx_hal_pwr.c:425:6:HAL_PWR_EnableWakeUpPin	0	static
stm32l0xx_hal_pwr.c:442:6:HAL_PWR_DisableWakeUpPin	0	static
stm32l0xx_hal_pwr.c:465:6:HAL_PWR_EnterSLEEPMode	16	static,ignoring_inline_asm
stm32l0xx_hal_pwr.c:546:6:HAL_PWR_EnterSTOPMode	16	static,ignoring_inline_asm
stm32l0xx_hal_pwr.c:615:6:HAL_PWR_EnterSTANDBYMode	0	static,ignoring_inline_asm
stm32l0xx_hal_pwr.c:639:6:HAL_PWR_EnableSleepOnExit	0	static
stm32l0xx_hal_pwr.c:652:6:HAL_PWR_DisableSleepOnExit	0	static
stm32l0xx_hal_pwr.c:665:6:HAL_PWR_EnableSEVOnPend	0	static
stm32l0xx_hal_pwr.c:678:6:HAL_PWR_DisableSEVOnPend	0	static
stm32l0xx_hal_pwr.c:707:13:HAL_PWR_PVDCallback	0	static
stm32l0xx_hal_pwr.c:690:6:HAL_PWR_PVD_IRQHandler	8	static
