stm32l0xx_hal_adc.c:2492:13:ADC_DelayMicroSecond	16	static
stm32l0xx_hal_adc.c:2332:26:ADC_ConversionStop	16	static
stm32l0xx_hal_adc.c:2271:26:ADC_Disable	16	static
stm32l0xx_hal_adc.c:2209:26:ADC_Enable	16	static
stm32l0xx_hal_adc.c:779:13:HAL_ADC_MspInit	0	static
stm32l0xx_hal_adc.c:402:19:HAL_ADC_Init	16	static
stm32l0xx_hal_adc.c:794:13:HAL_ADC_MspDeInit	0	static
stm32l0xx_hal_adc.c:648:19:HAL_ADC_DeInit	16	static
stm32l0xx_hal_adc.c:1032:19:HAL_ADC_Start	8	static
stm32l0xx_hal_adc.c:1098:19:HAL_ADC_Stop	8	static
stm32l0xx_hal_adc.c:1152:19:HAL_ADC_PollForConversion	24	static
stm32l0xx_hal_adc.c:1282:19:HAL_ADC_PollForEvent	24	static
stm32l0xx_hal_adc.c:1369:19:HAL_ADC_Start_IT	8	static
stm32l0xx_hal_adc.c:1450:19:HAL_ADC_Stop_IT	8	static
stm32l0xx_hal_adc.c:1500:19:HAL_ADC_Start_DMA	24	static
stm32l0xx_hal_adc.c:1590:19:HAL_ADC_Stop_DMA	16	static
stm32l0xx_hal_adc.c:1675:10:HAL_ADC_GetValue	0	static
stm32l0xx_hal_adc.c:1823:13:HAL_ADC_ConvCpltCallback	0	static
stm32l0xx_hal_adc.c:2386:13:ADC_DMAConvCplt	8	static
stm32l0xx_hal_adc.c:1838:13:HAL_ADC_ConvHalfCpltCallback	0	static
stm32l0xx_hal_adc.c:2450:13:ADC_DMAHalfConvCplt	8	static
stm32l0xx_hal_adc.c:1853:13:HAL_ADC_LevelOutOfWindowCallback	0	static
stm32l0xx_hal_adc.c:1875:13:HAL_ADC_ErrorCallback	0	static
stm32l0xx_hal_adc.c:2468:13:ADC_DMAError	8	static
stm32l0xx_hal_adc.c:1692:6:HAL_ADC_IRQHandler	8	static
stm32l0xx_hal_adc.c:1926:19:HAL_ADC_ConfigChannel	16	static
stm32l0xx_hal_adc.c:2045:19:HAL_ADC_AnalogWDGConfig	12	static
stm32l0xx_hal_adc.c:2162:10:HAL_ADC_GetState	0	static
stm32l0xx_hal_adc.c:2176:10:HAL_ADC_GetError	0	static
